###############################################################################
#
# IAR ELF Linker V8.50.6.265/W32 for ARM                  05/Dec/2020  12:23:13
# Copyright 2007-2020 IAR Systems AB.
#
#    Output file  =
#        C:\Users\User\Documents\Ks\uC_Software\Boards\pi-crunch-metal\Release\Exe\pi-crunch-metal.out
#    Map file     =
#        C:\Users\User\Documents\Ks\uC_Software\Boards\pi-crunch-metal\Release\List\pi-crunch-metal.map
#    Command line =
#        -f C:\Users\User\AppData\Local\Temp\EWE675.tmp
#        (C:\Users\User\Documents\Ks\uC_Software\Boards\pi-crunch-metal\Release\Obj\mcal_cpu.o
#        C:\Users\User\Documents\Ks\uC_Software\Boards\pi-crunch-metal\Release\Obj\mcal_cpu_detail_secure.o
#        C:\Users\User\Documents\Ks\uC_Software\Boards\pi-crunch-metal\Release\Obj\mcal_cxx_completion.o
#        C:\Users\User\Documents\Ks\uC_Software\Boards\pi-crunch-metal\Release\Obj\mcal_gpt.o
#        C:\Users\User\Documents\Ks\uC_Software\Boards\pi-crunch-metal\Release\Obj\mcal_irq.o
#        C:\Users\User\Documents\Ks\uC_Software\Boards\pi-crunch-metal\Release\Obj\mcal_lcd.o
#        C:\Users\User\Documents\Ks\uC_Software\Boards\pi-crunch-metal\Release\Obj\mcal_led.o
#        C:\Users\User\Documents\Ks\uC_Software\Boards\pi-crunch-metal\Release\Obj\mcal_port.o
#        C:\Users\User\Documents\Ks\uC_Software\Boards\pi-crunch-metal\Release\Obj\mcal_reg.o
#        C:\Users\User\Documents\Ks\uC_Software\Boards\pi-crunch-metal\Release\Obj\mcal_spi.o
#        C:\Users\User\Documents\Ks\uC_Software\Boards\pi-crunch-metal\Release\Obj\sys_start.o
#        --no_out_extension -o
#        C:\Users\User\Documents\Ks\uC_Software\Boards\pi-crunch-metal\Release\Exe\pi-crunch-metal.out
#        --redirect _Printf=_PrintfFullNoMb --redirect _Scanf=_ScanfFullNoMb
#        --map
#        C:\Users\User\Documents\Ks\uC_Software\Boards\pi-crunch-metal\Release\List\pi-crunch-metal.map
#        --config
#        C:\Users\User\Documents\Ks\uC_Software\Boards\pi-crunch-metal\pi-crunch-metal.icf
#        --entry __iar_program_start --inline --vfe --text_out locale)
#
###############################################################################

*******************************************************************************
*** RUNTIME MODEL ATTRIBUTES
***

CppFlavor                     = *
__CPP_Exceptions              = Disabled
__CPP_Language                = C++14
__Heap_Handler                = Basic
__SystemLibrary               = DLib
__dlib_dynamic_initialization = normal
__dlib_version                = 6


*******************************************************************************
*** HEAP SELECTION
***

The basic heap was selected because some modules are built with
size limitations (and not runtime checking), and --advanced_heap
was not specified.


*******************************************************************************
*** PLACEMENT SUMMARY
***

"A0":  place at address 0x8000 { ro section .intvec };
"P1":  place in [from 0x8000 to 0x4'7fff] { ro };
define block CSTACK with size = 16K, alignment = 8 { };
define block SVC_STACK with size = 16K, alignment = 8 { };
define block IRQ_STACK with size = 16K, alignment = 8 { };
define block FIQ_STACK with size = 16K, alignment = 8 { };
define block UND_STACK with size = 16K, alignment = 8 { };
define block ABT_STACK with size = 16K, alignment = 8 { };
define block MON_STACK with size = 0, alignment = 8 { };
define block HEAP with size = 32K, alignment = 8 { };
"P2":  place in [from 0x4'8000 to 0x204'7fff] {
          rw, block CSTACK, block SVC_STACK, block IRQ_STACK, block FIQ_STACK,
          block UND_STACK, block ABT_STACK, block MON_STACK, block HEAP };
initialize by copy { rw };

  Section                Kind       Address       Size  Object
  -------                ----       -------       ----  ------
"A0":                                             0x3c
  .intvec                ro code     0x8000       0x3c  cstartup.o [5]
                                   - 0x803c       0x3c

"P1":                                           0x666c
  .text                  ro code     0x803c      0x9bc  sys_start.o [1]
  .text                  ro code     0x89f8      0x150  sys_start.o [1]
  .text                  ro code     0x8b48       0x80  sys_start.o [1]
  .text                  ro code     0x8bc8       0x88  sys_start.o [1]
  .text                  ro code     0x8c50       0x40  sys_start.o [1]
  .text                  ro code     0x8c90      0x184  I64DivMod.o [5]
  .text                  ro code     0x8e14       0x24  sqrt.o [4]
  .text                  ro code     0x8e38      0x3ac  sys_start.o [1]
  .text                  ro code     0x91e4      0x12c  sys_start.o [1]
  .text                  ro code     0x9310      0x374  sys_start.o [1]
  .text                  ro code     0x9684      0x128  sys_start.o [1]
  .text                  ro code     0x97ac      0x6d8  sys_start.o [1]
  .text                  ro code     0x9e84       0x98  sys_start.o [1]
  .text                  ro code     0x9f1c       0x40  sys_start.o [1]
  .text                  ro code     0x9f5c       0xe4  sys_start.o [1]
  .text                  ro code     0xa040      0x17c  I32DivMod.o [5]
  .text                  ro code     0xa1bc        0x4  I64DivZer.o [5]
  .text                  ro code     0xa1c0       0x50  sys_start.o [1]
  .text                  ro code     0xa210       0x48  sys_start.o [1]
  .text                  ro code     0xa258       0x6c  DblToU64.o [4]
  .text                  ro code     0xa2c4      0x138  sys_start.o [1]
  .text                  ro code     0xa3fc       0x94  sys_start.o [1]
  .text                  ro code     0xa490       0x30  sys_start.o [1]
  .text                  ro code     0xa4c0        0x8  ABImemclr4.o [5]
  .text                  ro code     0xa4c8       0xd4  ABImemmove.o [5]
  .text                  ro code     0xa59c       0x70  sys_start.o [1]
  .text                  ro code     0xa60c       0x30  sys_start.o [1]
  .text                  ro code     0xa63c       0xc4  sys_start.o [1]
  .text                  ro code     0xa700        0x4  IntDivZer.o [5]
  .text                  ro code     0xa704      0x4f0  sys_start.o [1]
  .text                  ro code     0xabf4      0x25c  sys_start.o [1]
  .text                  ro code     0xae50       0x38  ABImemset48.o [5]
  .text                  ro code     0xae88       0xd4  ABImemcpy.o [5]
  .text                  ro code     0xaf5c      0x1b0  sys_start.o [1]
  .text                  ro code     0xb10c      0x1c0  sys_start.o [1]
  .text                  ro code     0xb2cc       0x30  sys_start.o [1]
  .text                  ro code     0xb2fc       0xe8  sys_start.o [1]
  .text                  ro code     0xb3e4      0x2f0  sys_start.o [1]
  .text                  ro code     0xb6d4       0xe8  sys_start.o [1]
  .text                  ro code     0xb7bc      0x148  sys_start.o [1]
  .text                  ro code     0xb904      0x14c  sys_start.o [1]
  .text                  ro code     0xba50      0x104  sys_start.o [1]
  .text                  ro code     0xbb54      0x118  sys_start.o [1]
  .text                  ro code     0xbc6c      0x828  sys_start.o [1]
  .text                  ro code     0xc494      0x574  sys_start.o [1]
  .text                  ro code     0xca08       0x7c  sys_start.o [1]
  .text                  ro code     0xca84       0x48  sys_start.o [1]
  .text                  ro code     0xcacc      0x520  sys_start.o [1]
  .text                  ro code     0xcfec       0x20  I64Shl.o [5]
  .text                  ro code     0xd00c       0xdc  sys_start.o [1]
  .text                  ro code     0xd0e8      0x164  sys_start.o [1]
  .text                  ro code     0xd24c      0x2cc  sys_start.o [1]
  .text                  ro code     0xd518       0x74  sys_start.o [1]
  .text                  ro code     0xd58c       0x88  sys_start.o [1]
  .text                  ro code     0xd614       0x20  mcal_lcd.o [1]
  .text                  ro code     0xd634       0xc0  mcal_gpt.o [1]
  .text                  ro code     0xd6f4       0x90  mcal_cpu.o [1]
  .text                  ro code     0xd784       0x88  mcal_led.o [1]
  .text                  ro code     0xd80c        0xc  mcal_cpu.o [1]
  .text                  ro code     0xd818       0x34  mcal_cpu_detail_secure.o [1]
  .text                  ro code     0xd84c       0x14  mcal_cpu.o [1]
  .text                  ro code     0xd860       0x18  mcal_cpu.o [1]
  .text                  ro code     0xd878       0x20  mcal_reg.o [1]
  .text                  ro code     0xd898      0x284  mcal_lcd.o [1]
  .text                  ro code     0xdb1c      0x11c  mcal_port.o [1]
  .text                  ro code     0xdc38       0x5c  mcal_lcd.o [1]
  .text                  ro code     0xdc94       0x44  mcal_lcd.o [1]
  .text                  ro code     0xdcd8       0xc8  mcal_lcd.o [1]
  .text                  ro code     0xdda0       0x30  mcal_spi.o [1]
  .text                  ro code     0xddd0       0x90  mcal_port.o [1]
  .text                  ro code     0xde60       0x84  mcal_port.o [1]
  .text                  ro code     0xdee4       0xe0  mcal_spi.o [1]
  .text                  ro code     0xdfc4       0xe0  mcal_spi.o [1]
  .text                  ro code     0xe0a4       0x30  mcal_spi.o [1]
  .text                  ro code     0xe0d4        0x8  mcal_spi.o [1]
  .text                  ro code     0xe0dc       0xd4  mcal_lcd.o [1]
  .text                  ro code     0xe1b0       0x78  mcal_lcd.o [1]
  .text                  ro code     0xe228       0x44  mcal_lcd.o [1]
  .text                  ro code     0xe26c       0x88  mcal_led.o [1]
  .text                  ro code     0xe2f4       0x58  cstartup.o [5]
  .text                  ro code     0xe34c       0x10  coreinit.o [5]
  .text                  ro code     0xe35c       0x28  fpinit.o [4]
  .text                  ro code     0xe384       0x30  cmain.o [5]
  .text                  ro code     0xe3b4       0x28  data_init.o [5]
  .text                  ro code     0xe3dc       0x14  XXexit.o [5]
  .text                  ro code     0xe3f0       0x48  sys_start.o [1]
  .text                  ro code     0xe438       0x3c  zero_init3.o [5]
  .text                  ro code     0xe474       0x34  mcal_spi.o [1]
  .text                  ro code     0xe4a8       0x34  mcal_spi.o [1]
  .text                  ro code     0xe4dc       0x34  cmain_call_ctors.o [5]
  .text                  ro code     0xe510       0x30  cppinit.o [2]
  .text                  ro code     0xe540       0x30  copy_init3.o [5]
  .rodata                const       0xe570       0x24  mcal_spi.o [1]
  .rodata                const       0xe594       0x24  mcal_spi.o [1]
  .iar.init_table        const       0xe5b8       0x28  - Linker created -
  .rodata                const       0xe5e0       0x1c  mcal_lcd.o [1]
  .rodata                const       0xe5fc       0x18  mcal_led.o [1]
  .rodata                const       0xe614       0x18  mcal_led.o [1]
  .text                  ro code     0xe62c       0x18  mcal_led.o [1]
  .rodata                const       0xe644       0x10  mcal_port.o [1]
  .rodata                const       0xe654       0x10  sys_start.o [1]
  .rodata                const       0xe664       0x10  sys_start.o [1]
  .rodata                const       0xe674       0x10  sys_start.o [1]
  Initializer bytes      const       0xe684       0x10  <for P2-1>
  .rodata                const       0xe694        0x4  sys_start.o [1]
  .text                  ro code     0xe698        0x4  mcal_cxx_completion.o [1]
  .text                  ro code     0xe69c        0x4  xpurevirtual.o [2]
  .text                  ro code     0xe6a0        0x4  vectortrap.o [5]
  SHT$$PREINIT_ARRAY                 0xe6a4        0x0  <Block>
  SHT$$INIT_ARRAY                    0xe6a4        0x4  <Block>
    .init_array          const       0xe6a4        0x4  sys_start.o [1]
  __iar_tls$$INIT_ARRAY              0xe6a8        0x0  <Block>
  .rodata                const       0xe6a8        0x0  zero_init3.o [5]
  .rodata                const       0xe6a8        0x0  copy_init3.o [5]
                                   - 0xe6a8     0x666c

"P2", part 1 of 3:                                0x10
  P2-1                             0x4'8000        0xd  <Init block>
    .data                inited    0x4'8000        0x8  mcal_lcd.o [1]
    .data                inited    0x4'8008        0x5  sys_start.o [1]
                                 - 0x4'800d        0xd

"P2", part 2 of 3:                           0xfa'1358
  .bss                   zero      0x4'8010  0x80'0000  sys_start.o [1]
  .bss                   zero     0x84'8010  0x7a'1300  sys_start.o [1]
  .bss                   zero     0xfe'9310       0x10  sys_start.o [1]
  .bss                   zero     0xfe'9320        0xd  mcal_port.o [1]
  .bss                   zero     0xfe'932d        0x1  mcal_gpt.o [1]
  .bss                   zero     0xfe'932e        0x1  mcal_led.o [1]
  .bss                   zero     0xfe'932f        0x1  mcal_spi.o [1]
  .bss                   zero     0xfe'9330        0xc  mcal_spi.o [1]
  .bss                   zero     0xfe'933c        0xc  sys_start.o [1]
  .bss                   zero     0xfe'9348        0x9  mcal_led.o [1]
  .bss                   zero     0xfe'9354        0x4  sys_start.o [1]
  .bss                   zero     0xfe'9358        0x8  mcal_gpt.o [1]
  .bss                   zero     0xfe'9360        0x4  cppinit.o [2]
  .bss                   zero     0xfe'9364        0x1  mcal_spi.o [1]
  .bss                   zero     0xfe'9365        0x1  mcal_spi.o [1]
  .bss                   zero     0xfe'9366        0x1  sys_start.o [1]
                                - 0xfe'9367  0xfa'1357

"P2", part 3 of 3:                              0xc000
  CSTACK                          0xfe'9368     0x4000  <Block>
    CSTACK               uninit   0xfe'9368     0x4000  <Block tail>
  IRQ_STACK                       0xfe'd368     0x4000  <Block>
    IRQ_STACK            uninit   0xfe'd368     0x4000  <Block tail>
  FIQ_STACK                       0xff'1368     0x4000  <Block>
    FIQ_STACK            uninit   0xff'1368     0x4000  <Block tail>
                                - 0xff'5368     0xc000

Unused ranges:

       From          To        Size
       ----          --        ----
     0xe6a8    0x4'7fff    0x3'9958
  0xff'5368  0x204'7fff  0x105'2c98


*******************************************************************************
*** INIT TABLE
***

          Address   Size
          -------   ----
Zero (__iar_zero_init3)
    1 destination range, total size 0xfa'1357:
          0x4'8010  0xfa'1357

Copy (__iar_copy_init3)
    1 source range, total size 0x10 (123% of destination):
            0xe684       0x10
    1 destination range, total size 0xd:
          0x4'8000        0xd

Extra (__iar_cstart_call_ctors)



*******************************************************************************
*** MODULE SUMMARY
***

    Module                    ro code  ro data     rw data
    ------                    -------  -------     -------
command line/config:
    ------------------------------------------------------
    Total:

C:\Users\User\Documents\Ks\uC_Software\Boards\pi-crunch-metal\Release\Obj: [1]
    mcal_cpu.o                    200
    mcal_cpu_detail_secure.o       52
    mcal_cxx_completion.o           4
    mcal_gpt.o                    192                    9
    mcal_lcd.o                  1'436       36           8
    mcal_led.o                    296       48          10
    mcal_port.o                   560       16          13
    mcal_reg.o                     32
    mcal_spi.o                    656       72          15
    sys_start.o                20'608       61  16'388'902
    ------------------------------------------------------
    Total:                     24'036      233  16'388'957

dl5E_aln.a: [2]
    cppinit.o                      48                    4
    xpurevirtual.o                  4
    ------------------------------------------------------
    Total:                         52                    4

dlpp5E_al_nc.a: [3]
    ------------------------------------------------------
    Total:

m5E_alv.a: [4]
    DblToU64.o                    108
    fpinit.o                       40
    sqrt.o                         36
    ------------------------------------------------------
    Total:                        184

rt5E_al.a: [5]
    ABImemclr4.o                    8
    ABImemcpy.o                   212
    ABImemmove.o                  212
    ABImemset48.o                  56
    I32DivMod.o                   380
    I64DivMod.o                   388
    I64DivZer.o                     4
    I64Shl.o                       32
    IntDivZer.o                     4
    XXexit.o                       20
    cmain.o                        48
    cmain_call_ctors.o             52
    copy_init3.o                   48
    coreinit.o                     16
    cstartup.o                    148
    data_init.o                    40
    vectortrap.o                    4
    zero_init3.o                   60
    ------------------------------------------------------
    Total:                      1'732

    Gaps                                                 3
    Linker created                          43      49'152
----------------------------------------------------------
    Grand Total:               26'004      276  16'438'116


*******************************************************************************
*** ENTRY LIST
***

Entry                     Address       Size  Type      Object
-----                     -------       ----  ----      ------
.iar.init_table$$Base      0xe5b8              --   Gb  - Linker created -
.iar.init_table$$Limit     0xe5e0              --   Gb  - Linker created -
<unnamed>::example002_pi()
                           0xd2cc       0xc4  Code  Gb  sys_start.o [1]
<unnamed>::gpt_is_initialized()
                           0xd634        0x8  Code  Gb  mcal_gpt.o [1]
<unnamed>::gpt_is_initialized()::is_init
                        0xfe'932d        0x1  Data  Lc  mcal_gpt.o [1]
<unnamed>::mcal_gpt_system_tick::initial_count
                        0xfe'9358        0x8  Data  Gb  mcal_gpt.o [1]
<unnamed>::mcal_port_pin_expander_device()::device
                        0xfe'9320        0xc  Data  Lc  mcal_port.o [1]
<unnamed>::mcal_port_pin_expander_device()::static guard for device
                        0xfe'932c        0x1  Data  Lc  mcal_port.o [1]
<unnamed>::sys_start_pi_count
                         0x4'8008        0x4  Data  Gb  sys_start.o [1]
<unnamed>::sys_start_pi_result
                         0x4'800c        0x1  Data  Gb  sys_start.o [1]
?main                      0xe384             Code  Gb  cmain.o [5]
Abort_Handler              0xe6a0             Code  Wk  vectortrap.o [5]
CSTACK$$Base            0xfe'9368              --   Gb  - Linker created -
CSTACK$$Limit           0xfe'd368              --   Gb  - Linker created -
FIQ_Handler                0xe6a0             Code  Wk  vectortrap.o [5]
FIQ_STACK$$Base         0xff'1368              --   Gb  - Linker created -
FIQ_STACK$$Limit        0xff'5368              --   Gb  - Linker created -
IRQ_Handler                0xe6a0             Code  Wk  vectortrap.o [5]
IRQ_STACK$$Base         0xfe'd368              --   Gb  - Linker created -
IRQ_STACK$$Limit        0xff'1368              --   Gb  - Linker created -
Initialization guard variable for math::wide_decimal::decwide_t<(int)1000001, unsigned int, util::n_slot_array_allocator<void, (unsigned int)125004, (unsigned int)16>, double>::my_n_data_for_add_sub
                        0xfe'9366        0x1  Data  Gb  sys_start.o [1]
Prefetch_Handler           0xe6a0             Code  Wk  vectortrap.o [5]
Region$$Table$$Base        0xe5b8              --   Gb  - Linker created -
Region$$Table$$Limit       0xe5e0              --   Gb  - Linker created -
SHT$$INIT_ARRAY$$Base      0xe6a4              --   Gb  - Linker created -
SHT$$INIT_ARRAY$$Limit     0xe6a8              --   Gb  - Linker created -
SHT$$PREINIT_ARRAY$$Base
                           0xe6a4              --   Gb  - Linker created -
SHT$$PREINIT_ARRAY$$Limit
                           0xe6a4              --   Gb  - Linker created -
SWI_Handler                0xe6a0             Code  Wk  vectortrap.o [5]
Undefined_Handler          0xe6a0             Code  Wk  vectortrap.o [5]
Virtual function table for math::wide_decimal::detail::fixed_dynamic_array<unsigned int, (unsigned int)125004, util::n_slot_array_allocator<unsigned int, (unsigned int)125004, (unsigned int)16>>
                           0xe664       0x10  Data  Gb  sys_start.o [1]
Virtual function table for mcal::lcd::lcd_st7066u_newhaven_0216k1z<mcal::port::port_pin_expander<(unsigned char)5>, mcal::port::port_pin_expander<(unsigned char)6>, mcal::port::port_pin_expander<(unsigned char)7>, mcal::port::port_pin_expander<(unsigned char)8>, mcal::port::port_pin_expander<(unsigned char)9>, mcal::port::port_pin_expander<(unsigned char)10>, mcal::port::port_pin_expander<(unsigned char)11>, mcal::port::port_pin_expander<(unsigned char)12>, mcal::port::port_pin_expander<(unsigned char)13>, mcal::port::port_pin_expander<(unsigned char)14>, mcal::port::port_pin_expander<(unsigned char)15>>
                           0xe5e0       0x1c  Data  Gb  mcal_lcd.o [1]
Virtual function table for mcal::led::led_boolean_state_base
                           0xe5fc       0x18  Data  Gb  mcal_led.o [1]
Virtual function table for mcal::led::led_port_inverted<mcal::port::port_pin<(unsigned char)71>>
                           0xe614       0x18  Data  Gb  mcal_led.o [1]
Virtual function table for mcal::port::port_pin_expander_microchip_mcp23s17<(unsigned char)2>
                           0xe644       0x10  Data  Gb  mcal_port.o [1]
Virtual function table for mcal::spi::spi_software_port_driver<mcal::port::port_pin<(unsigned char)24>, mcal::port::port_pin<(unsigned char)25>, mcal::port::port_pin<(unsigned char)22>, mcal::port::port_pin_dummy, (unsigned int)32, (bool)0>
                           0xe594       0x24  Data  Gb  mcal_spi.o [1]
Virtual function table for util::communication_buffer_depth_one_byte
                           0xe570       0x24  Data  Gb  mcal_spi.o [1]
Virtual function table for util::dynamic_array<unsigned int, util::n_slot_array_allocator<unsigned int, (unsigned int)125004, (unsigned int)16>>
                           0xe654       0x10  Data  Gb  sys_start.o [1]
__aeabi_d2ulz              0xa258             Code  Gb  DblToU64.o [4]
__aeabi_idiv0              0xa700             Code  Gb  IntDivZer.o [5]
__aeabi_ldiv0              0xa1bc             Code  Gb  I64DivZer.o [5]
__aeabi_ldivmod            0x8c90             Code  Gb  I64DivMod.o [5]
__aeabi_llsl               0xcfec             Code  Gb  I64Shl.o [5]
__aeabi_memclr4            0xa4c0             Code  Gb  ABImemclr4.o [5]
__aeabi_memcpy             0xae88             Code  Gb  ABImemcpy.o [5]
__aeabi_memcpy4            0xaeac             Code  Gb  ABImemcpy.o [5]
__aeabi_memcpy8            0xaeac             Code  Gb  ABImemcpy.o [5]
__aeabi_memmove            0xa4c8             Code  Gb  ABImemmove.o [5]
__aeabi_memmove4           0xa4c8             Code  Gb  ABImemmove.o [5]
__aeabi_memmove8           0xa4c8             Code  Gb  ABImemmove.o [5]
__aeabi_uidiv              0xa040             Code  Gb  I32DivMod.o [5]
__aeabi_uidivmod           0xa040             Code  Gb  I32DivMod.o [5]
__aeabi_uldivmod           0x8ce4             Code  Gb  I64DivMod.o [5]
__call_ctors               0xe510       0x30  Code  Gb  cppinit.o [2]
__cmain                    0xe384             Code  Gb  cmain.o [5]
__cxa_pure_virtual         0xe69c        0x4  Code  Gb  xpurevirtual.o [2]
__dso_handle            0xfe'9360        0x4  Data  Gb  cppinit.o [2]
__exit                     0xe3dc             Code  Gb  XXexit.o [5]
__iar_Memset4_word         0xae50             Code  Gb  ABImemset48.o [5]
__iar_Memset8_word         0xae50             Code  Gb  ABImemset48.o [5]
__iar_copy_init3           0xe541       0x30  Code  Gb  copy_init3.o [5]
__iar_cstart_call_ctors
                           0xe4dc       0x34  Code  Gb  cmain_call_ctors.o [5]
__iar_data_init3           0xe3b5       0x28  Code  Gb  data_init.o [5]
__iar_init_core_v6         0xe34c             Code  Gb  coreinit.o [5]
__iar_init_vfp             0xe370             Code  Gb  fpinit.o [4]
__iar_init_vfp_v6          0xe35c             Code  Gb  fpinit.o [4]
__iar_program_start        0xe2f4             Code  Gb  cstartup.o [5]
__iar_sqrt64               0x8e14             Code  Gb  sqrt.o [4]
__iar_tls$$INIT_ARRAY$$Base
                           0xe6a8              --   Gb  - Linker created -
__iar_tls$$INIT_ARRAY$$Limit
                           0xe6a8              --   Gb  - Linker created -
__iar_zero_init3           0xe439       0x3c  Code  Gb  zero_init3.o [5]
__sti__routine             0xd24c       0x80  Code  Lc  sys_start.o [1]
__vector                   0x8000             Data  Gb  cstartup.o [5]
_call_main                 0xe39c             Code  Gb  cmain.o [5]
_main                      0xe3a4             Code  Gb  cmain.o [5]
abort                      0xe698        0x4  Code  Gb  mcal_cxx_completion.o [1]
bool std::equal<unsigned int const *, unsigned int const *>(unsigned int const *, unsigned int const *, unsigned int const *)
                           0xd518       0x74  Code  Gb  sys_start.o [1]
char * util::baselexical_cast<unsigned int, char *, (unsigned int)10, (bool)1>(unsigned int const &, char *)
                           0xd58c       0x88  Code  Gb  sys_start.o [1]
double math::wide_decimal::detail::fft::template_sin_order_1<double>(unsigned int)
                           0xb3e4      0x2f0  Code  Gb  sys_start.o [1]
int math::wide_decimal::ilogb<(int)1000001, unsigned int, util::n_slot_array_allocator<void, (unsigned int)125004, (unsigned int)16>, double>(math::wide_decimal::decwide_t<(int)1000001, unsigned int, util::n_slot_array_allocator<void, (unsigned int)125004, (unsigned int)16>, double> const &)
                           0xd00c       0xdc  Code  Gb  sys_start.o [1]
main                       0xd424       0x90  Code  Gb  sys_start.o [1]
math::wide_decimal::decwide_t<(int)1000001, unsigned int, util::n_slot_array_allocator<void, (unsigned int)125004, (unsigned int)16>, double> math::wide_decimal::one<(int)1000001, unsigned int, util::n_slot_array_allocator<void, (unsigned int)125004, (unsigned int)16>, double>()
                           0xa1c0       0x50  Code  Gb  sys_start.o [1]
math::wide_decimal::decwide_t<(int)1000001, unsigned int, util::n_slot_array_allocator<void, (unsigned int)125004, (unsigned int)16>, double> math::wide_decimal::pi<(int)1000001, unsigned int, util::n_slot_array_allocator<void, (unsigned int)125004, (unsigned int)16>, double>(void (*)(unsigned int))
                           0xc494      0x574  Code  Gb  sys_start.o [1]
math::wide_decimal::decwide_t<(int)1000001, unsigned int, util::n_slot_array_allocator<void, (unsigned int)125004, (unsigned int)16>, double> math::wide_decimal::zero<(int)1000001, unsigned int, util::n_slot_array_allocator<void, (unsigned int)125004, (unsigned int)16>, double>()
                           0xa210       0x48  Code  Gb  sys_start.o [1]
math::wide_decimal::decwide_t<(int)1000001, unsigned int, util::n_slot_array_allocator<void, (unsigned int)125004, (unsigned int)16>, double>::calculate_inv()
                           0xbc6c      0x828  Code  Gb  sys_start.o [1]
math::wide_decimal::decwide_t<(int)1000001, unsigned int, util::n_slot_array_allocator<void, (unsigned int)125004, (unsigned int)16>, double>::calculate_sqrt()
                           0x803c      0x9bc  Code  Gb  sys_start.o [1]
math::wide_decimal::decwide_t<(int)1000001, unsigned int, util::n_slot_array_allocator<void, (unsigned int)125004, (unsigned int)16>, double>::cmp_data(math::wide_decimal::detail::fixed_dynamic_array<unsigned int, (unsigned int)125004, util::n_slot_array_allocator<unsigned int, (unsigned int)125004, (unsigned int)16>> const &) const
                           0xa63c       0xc4  Code  Gb  sys_start.o [1]
math::wide_decimal::decwide_t<(int)1000001, unsigned int, util::n_slot_array_allocator<void, (unsigned int)125004, (unsigned int)16>, double>::decwide_t()
                           0xca08       0x7c  Code  Gb  sys_start.o [1]
math::wide_decimal::decwide_t<(int)1000001, unsigned int, util::n_slot_array_allocator<void, (unsigned int)125004, (unsigned int)16>, double>::decwide_t(const math::wide_decimal::decwide_t<(int)1000001, unsigned int, util::n_slot_array_allocator<void, (unsigned int)125004, (unsigned int)16>, double>&)
                           0x8c50       0x40  Code  Gb  sys_start.o [1]
math::wide_decimal::decwide_t<(int)1000001, unsigned int, util::n_slot_array_allocator<void, (unsigned int)125004, (unsigned int)16>, double>::decwide_t(double, long long)
                           0x8e38      0x3ac  Code  Gb  sys_start.o [1]
math::wide_decimal::decwide_t<(int)1000001, unsigned int, util::n_slot_array_allocator<void, (unsigned int)125004, (unsigned int)16>, double>::decwide_t(math::wide_decimal::decwide_t<(int)1000001, unsigned int, util::n_slot_array_allocator<void, (unsigned int)125004, (unsigned int)16>, double>::fpclass_type_enum)
                           0x8b48       0x80  Code  Gb  sys_start.o [1]
math::wide_decimal::decwide_t<(int)1000001, unsigned int, util::n_slot_array_allocator<void, (unsigned int)125004, (unsigned int)16>, double>::decwide_t<unsigned long long, (void const *)0>(unsigned long long)
                           0xa3fc       0x94  Code  Gb  sys_start.o [1]
math::wide_decimal::decwide_t<(int)1000001, unsigned int, util::n_slot_array_allocator<void, (unsigned int)125004, (unsigned int)16>, double>::decwide_t_elem_number
                           0xe694        0x4  Data  Gb  sys_start.o [1]
math::wide_decimal::decwide_t<(int)1000001, unsigned int, util::n_slot_array_allocator<void, (unsigned int)125004, (unsigned int)16>, double>::div_unsigned_long_long(unsigned long long)
                           0xcacc      0x520  Code  Gb  sys_start.o [1]
math::wide_decimal::decwide_t<(int)1000001, unsigned int, util::n_slot_array_allocator<void, (unsigned int)125004, (unsigned int)16>, double>::from_unsigned_long_long(unsigned long long)
                           0xabf4      0x25c  Code  Gb  sys_start.o [1]
math::wide_decimal::decwide_t<(int)1000001, unsigned int, util::n_slot_array_allocator<void, (unsigned int)125004, (unsigned int)16>, double>::isone() const
                           0x89f8      0x150  Code  Gb  sys_start.o [1]
math::wide_decimal::decwide_t<(int)1000001, unsigned int, util::n_slot_array_allocator<void, (unsigned int)125004, (unsigned int)16>, double>::mul_loop_fft(unsigned int *, unsigned int const *, int)
                           0xa704      0x4f0  Code  Gb  sys_start.o [1]
math::wide_decimal::decwide_t<(int)1000001, unsigned int, util::n_slot_array_allocator<void, (unsigned int)125004, (unsigned int)16>, double>::mul_unsigned_long_long(unsigned long long)
                           0x9310      0x374  Code  Gb  sys_start.o [1]
math::wide_decimal::decwide_t<(int)1000001, unsigned int, util::n_slot_array_allocator<void, (unsigned int)125004, (unsigned int)16>, double>::my_af_bf_fft_mul_pool
                         0x4'8010  0x80'0000  Data  Gb  sys_start.o [1]
math::wide_decimal::decwide_t<(int)1000001, unsigned int, util::n_slot_array_allocator<void, (unsigned int)125004, (unsigned int)16>, double>::my_n_data_for_add_sub
                        0xfe'933c        0xc  Data  Gb  sys_start.o [1]
math::wide_decimal::decwide_t<(int)1000001, unsigned int, util::n_slot_array_allocator<void, (unsigned int)125004, (unsigned int)16>, double>::operator *=(const math::wide_decimal::decwide_t<(int)1000001, unsigned int, util::n_slot_array_allocator<void, (unsigned int)125004, (unsigned int)16>, double>&)
                           0x91e4      0x12c  Code  Gb  sys_start.o [1]
math::wide_decimal::decwide_t<(int)1000001, unsigned int, util::n_slot_array_allocator<void, (unsigned int)125004, (unsigned int)16>, double>::operator +=(const math::wide_decimal::decwide_t<(int)1000001, unsigned int, util::n_slot_array_allocator<void, (unsigned int)125004, (unsigned int)16>, double>&)
                           0x97ac      0x6d8  Code  Gb  sys_start.o [1]
math::wide_decimal::decwide_t<(int)1000001, unsigned int, util::n_slot_array_allocator<void, (unsigned int)125004, (unsigned int)16>, double>::operator /=(const math::wide_decimal::decwide_t<(int)1000001, unsigned int, util::n_slot_array_allocator<void, (unsigned int)125004, (unsigned int)16>, double>&)
                           0xd0e8      0x164  Code  Gb  sys_start.o [1]
math::wide_decimal::decwide_t<(int)1000001, unsigned int, util::n_slot_array_allocator<void, (unsigned int)125004, (unsigned int)16>, double>::operator =(const math::wide_decimal::decwide_t<(int)1000001, unsigned int, util::n_slot_array_allocator<void, (unsigned int)125004, (unsigned int)16>, double>&)
                           0xa59c       0x70  Code  Gb  sys_start.o [1]
math::wide_decimal::decwide_t<(int)1000001, unsigned int, util::n_slot_array_allocator<void, (unsigned int)125004, (unsigned int)16>, double>::operator =(math::wide_decimal::decwide_t<(int)1000001, unsigned int, util::n_slot_array_allocator<void, (unsigned int)125004, (unsigned int)16>, double>&&)
                           0x8bc8       0x88  Code  Gb  sys_start.o [1]
math::wide_decimal::detail::fixed_dynamic_array<unsigned int, (unsigned int)125004, util::n_slot_array_allocator<unsigned int, (unsigned int)125004, (unsigned int)16>>::fixed_dynamic_array(const math::wide_decimal::detail::fixed_dynamic_array<unsigned int, (unsigned int)125004, util::n_slot_array_allocator<unsigned int, (unsigned int)125004, (unsigned int)16>>&)
                           0x9f5c       0xe4  Code  Gb  sys_start.o [1]
math::wide_decimal::detail::fixed_dynamic_array<unsigned int, (unsigned int)125004, util::n_slot_array_allocator<unsigned int, (unsigned int)125004, (unsigned int)16>>::fixed_dynamic_array(std::initializer_list<unsigned int>)
                           0x9684      0x128  Code  Gb  sys_start.o [1]
math::wide_decimal::detail::fixed_dynamic_array<unsigned int, (unsigned int)125004, util::n_slot_array_allocator<unsigned int, (unsigned int)125004, (unsigned int)16>>::~fixed_dynamic_array()
                           0xe3f0       0x48  Code  Gb  sys_start.o [1]
mcal::cpu::detail::init()
                           0xd6f8       0x8c  Code  Gb  mcal_cpu.o [1]
mcal::cpu::detail::secure::clear_branch_prediction_array()
                           0xd80c        0xc  Code  Gb  mcal_cpu.o [1]
mcal::cpu::detail::secure::enable_branch_prediction()
                           0xd84c       0x14  Code  Gb  mcal_cpu.o [1]
mcal::cpu::detail::secure::enable_caches()
                           0xd860       0x18  Code  Gb  mcal_cpu.o [1]
mcal::cpu::init()          0xd6f4        0x4  Code  Gb  mcal_cpu.o [1]
mcal::cpu::nop()           0xe0d4        0x8  Code  Gb  mcal_spi.o [1]
mcal::gpt::init(void const *)
                           0xd63c       0x54  Code  Gb  mcal_gpt.o [1]
mcal::gpt::secure::get_time_elapsed()
                           0xd690       0x5c  Code  Gb  mcal_gpt.o [1]
mcal::lcd::lcd0()          0xd614       0x20  Code  Gb  mcal_lcd.o [1]
mcal::lcd::lcd0()::lc0   0x4'8004        0x4  Data  Lc  mcal_lcd.o [1]
mcal::lcd::lcd0()::static guard for lc0
                         0x4'8000        0x1  Data  Lc  mcal_lcd.o [1]
mcal::lcd::lcd_st7066u_newhaven_0216k1z<mcal::port::port_pin_expander<(unsigned char)5>, mcal::port::port_pin_expander<(unsigned char)6>, mcal::port::port_pin_expander<(unsigned char)7>, mcal::port::port_pin_expander<(unsigned char)8>, mcal::port::port_pin_expander<(unsigned char)9>, mcal::port::port_pin_expander<(unsigned char)10>, mcal::port::port_pin_expander<(unsigned char)11>, mcal::port::port_pin_expander<(unsigned char)12>, mcal::port::port_pin_expander<(unsigned char)13>, mcal::port::port_pin_expander<(unsigned char)14>, mcal::port::port_pin_expander<(unsigned char)15>>::P1_set(unsigned char)
                           0xdcd8       0xc8  Code  Gb  mcal_lcd.o [1]
mcal::lcd::lcd_st7066u_newhaven_0216k1z<mcal::port::port_pin_expander<(unsigned char)5>, mcal::port::port_pin_expander<(unsigned char)6>, mcal::port::port_pin_expander<(unsigned char)7>, mcal::port::port_pin_expander<(unsigned char)8>, mcal::port::port_pin_expander<(unsigned char)9>, mcal::port::port_pin_expander<(unsigned char)10>, mcal::port::port_pin_expander<(unsigned char)11>, mcal::port::port_pin_expander<(unsigned char)12>, mcal::port::port_pin_expander<(unsigned char)13>, mcal::port::port_pin_expander<(unsigned char)14>, mcal::port::port_pin_expander<(unsigned char)15>>::clear_line(unsigned char)
                           0xe1b0       0x78  Code  Gb  mcal_lcd.o [1]
mcal::lcd::lcd_st7066u_newhaven_0216k1z<mcal::port::port_pin_expander<(unsigned char)5>, mcal::port::port_pin_expander<(unsigned char)6>, mcal::port::port_pin_expander<(unsigned char)7>, mcal::port::port_pin_expander<(unsigned char)8>, mcal::port::port_pin_expander<(unsigned char)9>, mcal::port::port_pin_expander<(unsigned char)10>, mcal::port::port_pin_expander<(unsigned char)11>, mcal::port::port_pin_expander<(unsigned char)12>, mcal::port::port_pin_expander<(unsigned char)13>, mcal::port::port_pin_expander<(unsigned char)14>, mcal::port::port_pin_expander<(unsigned char)15>>::command(unsigned char)
                           0xdc38       0x5c  Code  Gb  mcal_lcd.o [1]
mcal::lcd::lcd_st7066u_newhaven_0216k1z<mcal::port::port_pin_expander<(unsigned char)5>, mcal::port::port_pin_expander<(unsigned char)6>, mcal::port::port_pin_expander<(unsigned char)7>, mcal::port::port_pin_expander<(unsigned char)8>, mcal::port::port_pin_expander<(unsigned char)9>, mcal::port::port_pin_expander<(unsigned char)10>, mcal::port::port_pin_expander<(unsigned char)11>, mcal::port::port_pin_expander<(unsigned char)12>, mcal::port::port_pin_expander<(unsigned char)13>, mcal::port::port_pin_expander<(unsigned char)14>, mcal::port::port_pin_expander<(unsigned char)15>>::init()
                           0xd898      0x284  Code  Gb  mcal_lcd.o [1]
mcal::lcd::lcd_st7066u_newhaven_0216k1z<mcal::port::port_pin_expander<(unsigned char)5>, mcal::port::port_pin_expander<(unsigned char)6>, mcal::port::port_pin_expander<(unsigned char)7>, mcal::port::port_pin_expander<(unsigned char)8>, mcal::port::port_pin_expander<(unsigned char)9>, mcal::port::port_pin_expander<(unsigned char)10>, mcal::port::port_pin_expander<(unsigned char)11>, mcal::port::port_pin_expander<(unsigned char)12>, mcal::port::port_pin_expander<(unsigned char)13>, mcal::port::port_pin_expander<(unsigned char)14>, mcal::port::port_pin_expander<(unsigned char)15>>::set_line_index(unsigned char)
                           0xe228       0x44  Code  Gb  mcal_lcd.o [1]
mcal::lcd::lcd_st7066u_newhaven_0216k1z<mcal::port::port_pin_expander<(unsigned char)5>, mcal::port::port_pin_expander<(unsigned char)6>, mcal::port::port_pin_expander<(unsigned char)7>, mcal::port::port_pin_expander<(unsigned char)8>, mcal::port::port_pin_expander<(unsigned char)9>, mcal::port::port_pin_expander<(unsigned char)10>, mcal::port::port_pin_expander<(unsigned char)11>, mcal::port::port_pin_expander<(unsigned char)12>, mcal::port::port_pin_expander<(unsigned char)13>, mcal::port::port_pin_expander<(unsigned char)14>, mcal::port::port_pin_expander<(unsigned char)15>>::write(unsigned char)
                           0xdc94       0x44  Code  Gb  mcal_lcd.o [1]
mcal::lcd::lcd_st7066u_newhaven_0216k1z<mcal::port::port_pin_expander<(unsigned char)5>, mcal::port::port_pin_expander<(unsigned char)6>, mcal::port::port_pin_expander<(unsigned char)7>, mcal::port::port_pin_expander<(unsigned char)8>, mcal::port::port_pin_expander<(unsigned char)9>, mcal::port::port_pin_expander<(unsigned char)10>, mcal::port::port_pin_expander<(unsigned char)11>, mcal::port::port_pin_expander<(unsigned char)12>, mcal::port::port_pin_expander<(unsigned char)13>, mcal::port::port_pin_expander<(unsigned char)14>, mcal::port::port_pin_expander<(unsigned char)15>>::write_n(char const *, unsigned int, unsigned int, bool)
                           0xe0dc       0xd4  Code  Gb  mcal_lcd.o [1]
mcal::led::led0()          0xd784       0x88  Code  Gb  mcal_led.o [1]
mcal::led::led0()::l0   0xfe'9348        0x8  Data  Lc  mcal_led.o [1]
mcal::led::led0()::static guard for l0
                        0xfe'9350        0x1  Data  Lc  mcal_led.o [1]
mcal::led::led_boolean_state_base::toggle()
                           0xe62c       0x18  Code  Gb  mcal_led.o [1]
mcal::led::led_port_inverted<mcal::port::port_pin<(unsigned char)71>>::toggle()
                           0xe26c       0x88  Code  Gb  mcal_led.o [1]
mcal::port::port_pin<(unsigned char)22>::my_pin_is_high
                        0xfe'932f        0x1  Data  Gb  mcal_spi.o [1]
mcal::port::port_pin<(unsigned char)24>::my_pin_is_high
                        0xfe'9364        0x1  Data  Gb  mcal_spi.o [1]
mcal::port::port_pin<(unsigned char)25>::my_pin_is_high
                        0xfe'9365        0x1  Data  Gb  mcal_spi.o [1]
mcal::port::port_pin<(unsigned char)71>::my_pin_is_high
                        0xfe'932e        0x1  Data  Gb  mcal_led.o [1]
mcal::port::port_pin_expander_microchip_mcp23s17<(unsigned char)2>::port_pin_expander_microchip_mcp23s17(util::communication_base &)
                           0xddd0       0x90  Code  Gb  mcal_port.o [1]
mcal::port::port_regs_expander_microchip_mcp23s17<(unsigned char)2>::write_word(unsigned char, unsigned short)
                           0xde60       0x84  Code  Gb  mcal_port.o [1]
mcal::spi::spi1()          0xdda0       0x2c  Code  Gb  mcal_spi.o [1]
mcal::spi::spi1()::com1
                        0xfe'9334        0x8  Data  Lc  mcal_spi.o [1]
mcal::spi::spi1()::static guard for com1
                        0xfe'9330        0x1  Data  Lc  mcal_spi.o [1]
mcal::spi::spi_software_port_driver<mcal::port::port_pin<(unsigned char)24>, mcal::port::port_pin<(unsigned char)25>, mcal::port::port_pin<(unsigned char)22>, mcal::port::port_pin_dummy, (unsigned int)32, (bool)0>::deselect()
                           0xe4a8       0x34  Code  Gb  mcal_spi.o [1]
mcal::spi::spi_software_port_driver<mcal::port::port_pin<(unsigned char)24>, mcal::port::port_pin<(unsigned char)25>, mcal::port::port_pin<(unsigned char)22>, mcal::port::port_pin_dummy, (unsigned int)32, (bool)0>::select()
                           0xe474       0x34  Code  Gb  mcal_spi.o [1]
mcal::spi::spi_software_port_driver<mcal::port::port_pin<(unsigned char)24>, mcal::port::port_pin<(unsigned char)25>, mcal::port::port_pin<(unsigned char)22>, mcal::port::port_pin_dummy, (unsigned int)32, (bool)0>::send(unsigned char)
                           0xdfc4       0xe0  Code  Gb  mcal_spi.o [1]
mcal::spi::spi_software_port_driver<mcal::port::port_pin<(unsigned char)24>, mcal::port::port_pin<(unsigned char)25>, mcal::port::port_pin<(unsigned char)22>, mcal::port::port_pin_dummy, (unsigned int)32, (bool)0>::spi_software_port_driver()
                           0xdee4       0xe0  Code  Gb  mcal_spi.o [1]
mcal_cpu_detail_secure_start_mmu
                           0xd818       0x34  Code  Gb  mcal_cpu_detail_secure.o [1]
mcal_port_pin_expander_set_direction_output(unsigned char)
                           0xdb1c       0x5c  Code  Gb  mcal_port.o [1]
mcal_port_pin_expander_set_pin_high(unsigned char)
                           0xdb78       0x60  Code  Gb  mcal_port.o [1]
mcal_port_pin_expander_set_pin_low(unsigned char)
                           0xdbd8       0x5c  Code  Gb  mcal_port.o [1]
mcal_reg_access32_read     0xd888             Code  Gb  mcal_reg.o [1]
mcal_reg_access32_write
                           0xd878             Code  Gb  mcal_reg.o [1]
sqrt                       0x8e14             Code  Gb  sqrt.o [4]
sqrtl                      0x8e14             Code  Gb  sqrt.o [4]
std::enable_if<((unsigned int)8==(unsigned int)8), void>::type mcal::helper::nop_maker<(unsigned int)8>()
                           0xe0a4       0x30  Code  Gb  mcal_spi.o [1]
sys_start_callback_for_pi_digits10(unsigned int)
                           0xd390       0x94  Code  Gb  sys_start.o [1]
unsigned int * std::copy<unsigned int *, unsigned int *>(unsigned int *, unsigned int *, unsigned int *)
                           0xb2cc       0x30  Code  Gb  sys_start.o [1]
unsigned int * std::copy<unsigned int const *, unsigned int *>(unsigned int const *, unsigned int const *, unsigned int *)
                           0xa60c       0x30  Code  Gb  sys_start.o [1]
unsigned int * std::copy_backward<unsigned int const *, unsigned int *>(unsigned int const *, unsigned int const *, unsigned int *)
                           0xa490       0x30  Code  Gb  sys_start.o [1]
util::dynamic_array<unsigned int, util::n_slot_array_allocator<unsigned int, (unsigned int)125004, (unsigned int)16>>::fill(unsigned int const &)
                           0x9f1c       0x40  Code  Gb  sys_start.o [1]
util::dynamic_array<unsigned int, util::n_slot_array_allocator<unsigned int, (unsigned int)125004, (unsigned int)16>>::~dynamic_array()
                           0xca84       0x48  Code  Gb  sys_start.o [1]
util::n_slot_array_allocator<unsigned int, (unsigned int)125004, (unsigned int)16>::allocate(unsigned int, void const *)
                           0x9e84       0x98  Code  Gb  sys_start.o [1]
util::n_slot_array_allocator<unsigned int, (unsigned int)125004, (unsigned int)16>::slot_array_memory
                        0x84'8010  0x7a'1300  Data  Gb  sys_start.o [1]
util::n_slot_array_allocator<unsigned int, (unsigned int)125004, (unsigned int)16>::slot_flags
                        0xfe'9310       0x10  Data  Gb  sys_start.o [1]
util::n_slot_array_allocator<unsigned int, (unsigned int)125004, (unsigned int)16>::slot_max_index
                        0xfe'9354        0x4  Data  Gb  sys_start.o [1]
void math::wide_decimal::decwide_t<(int)1000001, unsigned int, util::n_slot_array_allocator<void, (unsigned int)125004, (unsigned int)16>, double>::eval_mul_dispatch_multiplication_method<(int)125004>(const math::wide_decimal::decwide_t<(int)1000001, unsigned int, util::n_slot_array_allocator<void, (unsigned int)125004, (unsigned int)16>, double>&, int, int, std::enable_if<((int)125004>(int)128), void>::type const *)
                           0xa2c4      0x138  Code  Gb  sys_start.o [1]
void math::wide_decimal::detail::fft::danielson_lanczos_apply<double, (bool)0>(unsigned int, double *)
                           0xb904      0x14c  Code  Gb  sys_start.o [1]
void math::wide_decimal::detail::fft::danielson_lanczos_apply<double, (bool)1>(unsigned int, double *)
                           0xb7bc      0x148  Code  Gb  sys_start.o [1]
void math::wide_decimal::detail::fft::danielson_lanczos_apply_4_basecase<double, (bool)0>(double *)
                           0xbb54      0x118  Code  Gb  sys_start.o [1]
void math::wide_decimal::detail::fft::danielson_lanczos_apply_4_basecase<double, (bool)1>(double *)
                           0xba50      0x104  Code  Gb  sys_start.o [1]
void math::wide_decimal::detail::fft::fft_lanczos_fft<double, (bool)0>(unsigned int, double *)
                           0xb6d4       0xe8  Code  Gb  sys_start.o [1]
void math::wide_decimal::detail::fft::fft_lanczos_fft<double, (bool)1>(unsigned int, double *)
                           0xb2fc       0xe8  Code  Gb  sys_start.o [1]
void math::wide_decimal::detail::fft::rfft_lanczos_rfft<double, (bool)0>(unsigned int, double *, bool, std::enable_if<((bool)0==(bool)0), void>::type const *)
                           0xb10c      0x1c0  Code  Gb  sys_start.o [1]
void math::wide_decimal::detail::fft::rfft_lanczos_rfft<double, (bool)1>(unsigned int, double *, bool, std::enable_if<((bool)1==(bool)1), void>::type const *)
                           0xaf5c      0x1b0  Code  Gb  sys_start.o [1]


[1] = C:\Users\User\Documents\Ks\uC_Software\Boards\pi-crunch-metal\Release\Obj
[2] = dl5E_aln.a
[3] = dlpp5E_al_nc.a
[4] = m5E_alv.a
[5] = rt5E_al.a

      26'004 bytes of readonly  code memory
         276 bytes of readonly  data memory
  16'438'116 bytes of readwrite data memory

Errors: none
Warnings: none
