###############################################################################
#
# IAR ELF Linker V8.50.6.265/W32 for ARM                  26/Jan/2021  19:42:34
# Copyright 2007-2020 IAR Systems AB.
#
#    Output file  =
#        C:\Users\User\Documents\Ks\uC_Software\Boards\pi-crunch-metal\Release\Exe\pi-crunch-metal.out
#    Map file     =
#        C:\Users\User\Documents\Ks\uC_Software\Boards\pi-crunch-metal\Release\List\pi-crunch-metal.map
#    Command line =
#        -f C:\Users\User\AppData\Local\Temp\EWF659.tmp
#        (C:\Users\User\Documents\Ks\uC_Software\Boards\pi-crunch-metal\Release\Obj\mcal_cpu.o
#        C:\Users\User\Documents\Ks\uC_Software\Boards\pi-crunch-metal\Release\Obj\mcal_cpu_detail_secure.o
#        C:\Users\User\Documents\Ks\uC_Software\Boards\pi-crunch-metal\Release\Obj\mcal_cxx_completion.o
#        C:\Users\User\Documents\Ks\uC_Software\Boards\pi-crunch-metal\Release\Obj\mcal_gpt.o
#        C:\Users\User\Documents\Ks\uC_Software\Boards\pi-crunch-metal\Release\Obj\mcal_irq.o
#        C:\Users\User\Documents\Ks\uC_Software\Boards\pi-crunch-metal\Release\Obj\mcal_lcd.o
#        C:\Users\User\Documents\Ks\uC_Software\Boards\pi-crunch-metal\Release\Obj\mcal_led.o
#        C:\Users\User\Documents\Ks\uC_Software\Boards\pi-crunch-metal\Release\Obj\mcal_port.o
#        C:\Users\User\Documents\Ks\uC_Software\Boards\pi-crunch-metal\Release\Obj\mcal_reg.o
#        C:\Users\User\Documents\Ks\uC_Software\Boards\pi-crunch-metal\Release\Obj\mcal_spi.o
#        C:\Users\User\Documents\Ks\uC_Software\Boards\pi-crunch-metal\Release\Obj\sys_start.o
#        --no_out_extension -o
#        C:\Users\User\Documents\Ks\uC_Software\Boards\pi-crunch-metal\Release\Exe\pi-crunch-metal.out
#        --redirect _Printf=_PrintfFullNoMb --redirect _Scanf=_ScanfFullNoMb
#        --map
#        C:\Users\User\Documents\Ks\uC_Software\Boards\pi-crunch-metal\Release\List\pi-crunch-metal.map
#        --config
#        C:\Users\User\Documents\Ks\uC_Software\Boards\pi-crunch-metal\pi-crunch-metal.icf
#        --entry __iar_program_start --inline --no_exceptions --vfe --text_out
#        locale)
#
###############################################################################

*******************************************************************************
*** RUNTIME MODEL ATTRIBUTES
***

CppFlavor                     = *
__CPP_Exceptions              = Disabled
__CPP_Language                = C++14
__Heap_Handler                = Basic
__SystemLibrary               = DLib
__dlib_dynamic_initialization = normal
__dlib_version                = 6


*******************************************************************************
*** HEAP SELECTION
***

The basic heap was selected because some modules are built with
size limitations (and not runtime checking), and --advanced_heap
was not specified.


*******************************************************************************
*** PLACEMENT SUMMARY
***

"A0":  place at address 0x8000 { ro section .intvec };
"P1":  place in [from 0x8000 to 0x1'7fff] { ro };
define block CSTACK with size = 16K, alignment = 8 { };
define block SVC_STACK with size = 16K, alignment = 8 { };
define block IRQ_STACK with size = 16K, alignment = 8 { };
define block FIQ_STACK with size = 16K, alignment = 8 { };
define block UND_STACK with size = 16K, alignment = 8 { };
define block ABT_STACK with size = 16K, alignment = 8 { };
define block MON_STACK with size = 0, alignment = 8 { };
define block HEAP with size = 0, alignment = 8 { };
"P2":  place in [from 0x1'8000 to 0x201'7fff] {
          rw, block CSTACK, block SVC_STACK, block IRQ_STACK, block FIQ_STACK,
          block UND_STACK, block ABT_STACK, block MON_STACK, block HEAP };
initialize by copy { rw };

  Section                Kind       Address       Size  Object
  -------                ----       -------       ----  ------
"A0":                                             0x3c
  .intvec                ro code     0x8000       0x3c  cstartup.o [5]
                                   - 0x803c       0x3c

"P1":                                           0x606c
  .text                  ro code     0x803c      0x920  sys_start.o [1]
  .text                  ro code     0x895c      0x114  sys_start.o [1]
  .text                  ro code     0x8a70       0xcc  sys_start.o [1]
  .text                  ro code     0x8b3c       0x90  sys_start.o [1]
  .text                  ro code     0x8bcc       0xa4  sys_start.o [1]
  .text                  ro code     0x8c70       0xbc  sys_start.o [1]
  .text                  ro code     0x8d2c      0x134  sys_start.o [1]
  .text                  ro code     0x8e60       0x98  sys_start.o [1]
  .text                  ro code     0x8ef8      0x5d8  sys_start.o [1]
  .text                  ro code     0x94d0      0x150  sys_start.o [1]
  .text                  ro code     0x9620       0x40  sys_start.o [1]
  .text                  ro code     0x9660      0x184  I64DivMod.o [5]
  .text                  ro code     0x97e4       0x24  sqrt.o [4]
  .text                  ro code     0x9808      0x434  sys_start.o [1]
  .text                  ro code     0x9c3c      0x110  sys_start.o [1]
  .text                  ro code     0x9d4c      0x29c  sys_start.o [1]
  .text                  ro code     0x9fe8       0x40  sys_start.o [1]
  .text                  ro code     0xa028      0x120  sys_start.o [1]
  .text                  ro code     0xa148      0x17c  I32DivMod.o [5]
  .text                  ro code     0xa2c4        0x4  I64DivZer.o [5]
  .text                  ro code     0xa2c8       0x6c  DblToU64.o [4]
  .text                  ro code     0xa334      0x1d8  sys_start.o [1]
  .text                  ro code     0xa50c      0x360  sys_start.o [1]
  .text                  ro code     0xa86c        0x4  IntDivZer.o [5]
  .text                  ro code     0xa870      0x4f0  sys_start.o [1]
  .text                  ro code     0xad60       0x24  memset.o [5]
  .text                  ro code     0xad84       0x30  sys_start.o [1]
  .text                  ro code     0xadb4      0x1b0  sys_start.o [1]
  .text                  ro code     0xaf64      0x1c0  sys_start.o [1]
  .text                  ro code     0xb124       0x78  ABImemset.o [5]
  .text                  ro code     0xb19c       0xf0  sys_start.o [1]
  .text                  ro code     0xb28c      0x2f0  sys_start.o [1]
  .text                  ro code     0xb57c       0xf0  sys_start.o [1]
  .text                  ro code     0xb66c      0x148  sys_start.o [1]
  .text                  ro code     0xb7b4      0x14c  sys_start.o [1]
  .text                  ro code     0xb900      0x104  sys_start.o [1]
  .text                  ro code     0xba04      0x118  sys_start.o [1]
  .text                  ro code     0xbb1c      0x55c  sys_start.o [1]
  .text                  ro code     0xc078      0x468  sys_start.o [1]
  .text                  ro code     0xc4e0      0x110  sys_start.o [1]
  .text                  ro code     0xc5f0       0xd0  logf.o [4]
  .text                  ro code     0xc6c0      0x3b4  sys_start.o [1]
  .text                  ro code     0xca74       0x20  I64Shl.o [5]
  .text                  ro code     0xca94       0xf8  sys_start.o [1]
  .text                  ro code     0xcb8c      0x32c  mcal_lcd.o [1]
  .text                  ro code     0xceb8      0x11c  mcal_port.o [1]
  .text                  ro code     0xcfd4       0xc0  mcal_gpt.o [1]
  .text                  ro code     0xd094       0x5c  mcal_lcd.o [1]
  .text                  ro code     0xd0f0       0xc8  mcal_lcd.o [1]
  .text                  ro code     0xd1b8       0x30  mcal_spi.o [1]
  .text                  ro code     0xd1e8       0x90  mcal_port.o [1]
  .text                  ro code     0xd278       0x84  mcal_port.o [1]
  .text                  ro code     0xd2fc       0xe0  mcal_spi.o [1]
  .text                  ro code     0xd3dc       0x20  mcal_reg.o [1]
  .text                  ro code     0xd3fc      0x2f4  sys_start.o [1]
  .text                  ro code     0xd6f0       0x70  sys_start.o [1]
  .text                  ro code     0xd760       0x88  sys_start.o [1]
  .text                  ro code     0xd7e8       0x20  mcal_lcd.o [1]
  .text                  ro code     0xd808        0x8  ABImemclr4.o [5]
  .text                  ro code     0xd810       0x90  mcal_cpu.o [1]
  .text                  ro code     0xd8a0       0x88  mcal_led.o [1]
  .text                  ro code     0xd928       0x38  ABImemset48.o [5]
  .text                  ro code     0xd960        0xc  mcal_cpu.o [1]
  .text                  ro code     0xd96c       0x34  mcal_cpu_detail_secure.o [1]
  .text                  ro code     0xd9a0       0x14  mcal_cpu.o [1]
  .text                  ro code     0xd9b4       0x18  mcal_cpu.o [1]
  .text                  ro code     0xd9cc       0xe0  mcal_spi.o [1]
  .text                  ro code     0xdaac       0x30  mcal_spi.o [1]
  .text                  ro code     0xdadc        0x8  mcal_spi.o [1]
  .text                  ro code     0xdae4       0xb8  mcal_lcd.o [1]
  .text                  ro code     0xdb9c       0x78  mcal_lcd.o [1]
  .text                  ro code     0xdc14       0x44  mcal_lcd.o [1]
  .text                  ro code     0xdc58       0x88  mcal_led.o [1]
  .text                  ro code     0xdce0       0x58  cstartup.o [5]
  .text                  ro code     0xdd38       0x10  coreinit.o [5]
  .text                  ro code     0xdd48       0x28  fpinit.o [4]
  .text                  ro code     0xdd70       0x30  cmain.o [5]
  .text                  ro code     0xdda0       0x28  data_init.o [5]
  .text                  ro code     0xddc8       0x14  XXexit.o [5]
  .rodata                const       0xdddc       0x44  logf.o [4]
  .text                  ro code     0xde20       0x3c  zero_init3.o [5]
  .text                  ro code     0xde5c       0x34  mcal_spi.o [1]
  .text                  ro code     0xde90       0x34  mcal_spi.o [1]
  .text                  ro code     0xdec4       0x34  cmain_call_ctors.o [5]
  .text                  ro code     0xdef8       0x30  cppinit.o [2]
  .text                  ro code     0xdf28       0x30  copy_init3.o [5]
  .rodata                const       0xdf58       0x24  mcal_spi.o [1]
  .rodata                const       0xdf7c       0x24  mcal_spi.o [1]
  .iar.init_table        const       0xdfa0       0x28  - Linker created -
  .rodata                const       0xdfc8       0x1c  mcal_lcd.o [1]
  .rodata                const       0xdfe4       0x18  mcal_led.o [1]
  .rodata                const       0xdffc       0x18  mcal_led.o [1]
  .text                  ro code     0xe014       0x18  mcal_led.o [1]
  .rodata                const       0xe02c       0x14  sys_start.o [1]
  .text                  ro code     0xe040       0x14  sys_start.o [1]
  .rodata                const       0xe054       0x10  mcal_port.o [1]
  .rodata                const       0xe064       0x10  sys_start.o [1]
  .rodata                const       0xe074       0x10  sys_start.o [1]
  Initializer bytes      const       0xe084       0x10  <for P2-1>
  .rodata                const       0xe094        0x4  sys_start.o [1]
  .text                  ro code     0xe098        0x4  mcal_cxx_completion.o [1]
  .text                  ro code     0xe09c        0x4  xpurevirtual.o [2]
  .text                  ro code     0xe0a0        0x4  vectortrap.o [5]
  SHT$$PREINIT_ARRAY                 0xe0a4        0x0  <Block>
  SHT$$INIT_ARRAY                    0xe0a4        0x4  <Block>
    .init_array          const       0xe0a4        0x4  sys_start.o [1]
  __iar_tls$$INIT_ARRAY              0xe0a8        0x0  <Block>
  .rodata                const       0xe0a8        0x0  zero_init3.o [5]
  .rodata                const       0xe0a8        0x0  copy_init3.o [5]
                                   - 0xe0a8     0x606c

"P2", part 1 of 3:                                0x10
  P2-1                             0x1'8000        0xd  <Init block>
    .data                inited    0x1'8000        0x8  mcal_lcd.o [1]
    .data                inited    0x1'8008        0x5  sys_start.o [1]
                                 - 0x1'800d        0xd

"P2", part 2 of 3:                           0xfa'1358
  .bss                   zero      0x1'8010  0x80'0000  sys_start.o [1]
  .bss                   zero     0x81'8010  0x7a'1300  sys_start.o [1]
  .bss                   zero     0xfb'9310       0x10  sys_start.o [1]
  .bss                   zero     0xfb'9320        0xd  mcal_port.o [1]
  .bss                   zero     0xfb'932d        0x1  mcal_gpt.o [1]
  .bss                   zero     0xfb'932e        0x1  mcal_led.o [1]
  .bss                   zero     0xfb'932f        0x1  mcal_spi.o [1]
  .bss                   zero     0xfb'9330        0xc  mcal_spi.o [1]
  .bss                   zero     0xfb'933c        0xc  sys_start.o [1]
  .bss                   zero     0xfb'9348        0x9  mcal_led.o [1]
  .bss                   zero     0xfb'9354        0x4  sys_start.o [1]
  .bss                   zero     0xfb'9358        0x8  mcal_gpt.o [1]
  .bss                   zero     0xfb'9360        0x4  cppinit.o [2]
  .bss                   zero     0xfb'9364        0x1  mcal_spi.o [1]
  .bss                   zero     0xfb'9365        0x1  mcal_spi.o [1]
  .bss                   zero     0xfb'9366        0x1  sys_start.o [1]
                                - 0xfb'9367  0xfa'1357

"P2", part 3 of 3:                              0xc000
  CSTACK                          0xfb'9368     0x4000  <Block>
    CSTACK               uninit   0xfb'9368     0x4000  <Block tail>
  IRQ_STACK                       0xfb'd368     0x4000  <Block>
    IRQ_STACK            uninit   0xfb'd368     0x4000  <Block tail>
  FIQ_STACK                       0xfc'1368     0x4000  <Block>
    FIQ_STACK            uninit   0xfc'1368     0x4000  <Block tail>
                                - 0xfc'5368     0xc000

Unused ranges:

       From          To        Size
       ----          --        ----
     0xe0a8    0x1'7fff      0x9f58
  0xfc'5368  0x201'7fff  0x105'2c98


*******************************************************************************
*** INIT TABLE
***

          Address   Size
          -------   ----
Zero (__iar_zero_init3)
    1 destination range, total size 0xfa'1357:
          0x1'8010  0xfa'1357

Copy (__iar_copy_init3)
    1 source range, total size 0x10 (123% of destination):
            0xe084       0x10
    1 destination range, total size 0xd:
          0x1'8000        0xd

Extra (__iar_cstart_call_ctors)



*******************************************************************************
*** MODULE SUMMARY
***

    Module                    ro code  ro data     rw data
    ------                    -------  -------     -------
command line/config:
    ------------------------------------------------------
    Total:

C:\Users\User\Documents\Ks\uC_Software\Boards\pi-crunch-metal\Release\Obj: [1]
    mcal_cpu.o                    200
    mcal_cpu_detail_secure.o       52
    mcal_cxx_completion.o           4
    mcal_gpt.o                    192                    9
    mcal_lcd.o                  1'508       36           8
    mcal_led.o                    296       48          10
    mcal_port.o                   560       16          13
    mcal_reg.o                     32
    mcal_spi.o                    656       72          15
    sys_start.o                18'988       65  16'388'902
    ------------------------------------------------------
    Total:                     22'488      237  16'388'957

dl5E_aln.a: [2]
    cppinit.o                      48                    4
    xpurevirtual.o                  4
    ------------------------------------------------------
    Total:                         52                    4

dlpp5E_al_nc.a: [3]
    ------------------------------------------------------
    Total:

m5E_alv.a: [4]
    DblToU64.o                    108
    fpinit.o                       40
    logf.o                        208       68
    sqrt.o                         36
    ------------------------------------------------------
    Total:                        392       68

rt5E_al.a: [5]
    ABImemclr4.o                    8
    ABImemset.o                   120
    ABImemset48.o                  56
    I32DivMod.o                   380
    I64DivMod.o                   388
    I64DivZer.o                     4
    I64Shl.o                       32
    IntDivZer.o                     4
    XXexit.o                       20
    cmain.o                        48
    cmain_call_ctors.o             52
    copy_init3.o                   48
    coreinit.o                     16
    cstartup.o                    148
    data_init.o                    40
    memset.o                       36
    vectortrap.o                    4
    zero_init3.o                   60
    ------------------------------------------------------
    Total:                      1'464

    Gaps                                                 3
    Linker created                          43      49'152
----------------------------------------------------------
    Grand Total:               24'396      348  16'438'116


*******************************************************************************
*** ENTRY LIST
***

Entry                     Address       Size  Type      Object
-----                     -------       ----  ----      ------
.iar.init_table$$Base      0xdfa0              --   Gb  - Linker created -
.iar.init_table$$Limit     0xdfc8              --   Gb  - Linker created -
<unnamed>::example002_pi()
                           0xd508       0x70  Code  Gb  sys_start.o [1]
<unnamed>::gpt_is_initialized()
                           0xcfd4        0x8  Code  Gb  mcal_gpt.o [1]
<unnamed>::gpt_is_initialized()::is_init
                        0xfb'932d        0x1  Data  Lc  mcal_gpt.o [1]
<unnamed>::mcal_gpt_system_tick::initial_count
                        0xfb'9358        0x8  Data  Gb  mcal_gpt.o [1]
<unnamed>::mcal_port_pin_expander_device()::device
                        0xfb'9320        0xc  Data  Lc  mcal_port.o [1]
<unnamed>::mcal_port_pin_expander_device()::static guard for device
                        0xfb'932c        0x1  Data  Lc  mcal_port.o [1]
<unnamed>::sys_start_pi_count
                         0x1'8008        0x4  Data  Gb  sys_start.o [1]
<unnamed>::sys_start_pi_result
                         0x1'800c        0x1  Data  Gb  sys_start.o [1]
?main                      0xdd70             Code  Gb  cmain.o [5]
Abort_Handler              0xe0a0             Code  Wk  vectortrap.o [5]
CSTACK$$Base            0xfb'9368              --   Gb  - Linker created -
CSTACK$$Limit           0xfb'd368              --   Gb  - Linker created -
FIQ_Handler                0xe0a0             Code  Wk  vectortrap.o [5]
FIQ_STACK$$Base         0xfc'1368              --   Gb  - Linker created -
FIQ_STACK$$Limit        0xfc'5368              --   Gb  - Linker created -
IRQ_Handler                0xe0a0             Code  Wk  vectortrap.o [5]
IRQ_STACK$$Base         0xfb'd368              --   Gb  - Linker created -
IRQ_STACK$$Limit        0xfc'1368              --   Gb  - Linker created -
Initialization guard variable for math::wide_decimal::decwide_t<(int)1000001, unsigned int, util::n_slot_array_allocator<void, (unsigned int)125004, (unsigned int)16>, double>::my_n_data_for_add_sub
                        0xfb'9366        0x1  Data  Gb  sys_start.o [1]
Prefetch_Handler           0xe0a0             Code  Wk  vectortrap.o [5]
Region$$Table$$Base        0xdfa0              --   Gb  - Linker created -
Region$$Table$$Limit       0xdfc8              --   Gb  - Linker created -
SHT$$INIT_ARRAY$$Base      0xe0a4              --   Gb  - Linker created -
SHT$$INIT_ARRAY$$Limit     0xe0a8              --   Gb  - Linker created -
SHT$$PREINIT_ARRAY$$Base
                           0xe0a4              --   Gb  - Linker created -
SHT$$PREINIT_ARRAY$$Limit
                           0xe0a4              --   Gb  - Linker created -
SWI_Handler                0xe0a0             Code  Wk  vectortrap.o [5]
Undefined_Handler          0xe0a0             Code  Wk  vectortrap.o [5]
Virtual function table for math::wide_decimal::detail::fixed_dynamic_array<unsigned int, (unsigned int)125004, util::n_slot_array_allocator<unsigned int, (unsigned int)125004, (unsigned int)16>>
                           0xe074       0x10  Data  Gb  sys_start.o [1]
Virtual function table for mcal::lcd::lcd_st7066u_newhaven_0216k1z<mcal::port::port_pin_expander<(unsigned char)5>, mcal::port::port_pin_expander<(unsigned char)6>, mcal::port::port_pin_expander<(unsigned char)7>, mcal::port::port_pin_expander<(unsigned char)8>, mcal::port::port_pin_expander<(unsigned char)9>, mcal::port::port_pin_expander<(unsigned char)10>, mcal::port::port_pin_expander<(unsigned char)11>, mcal::port::port_pin_expander<(unsigned char)12>, mcal::port::port_pin_expander<(unsigned char)13>, mcal::port::port_pin_expander<(unsigned char)14>, mcal::port::port_pin_expander<(unsigned char)15>>
                           0xdfc8       0x1c  Data  Gb  mcal_lcd.o [1]
Virtual function table for mcal::led::led_boolean_state_base
                           0xdfe4       0x18  Data  Gb  mcal_led.o [1]
Virtual function table for mcal::led::led_port_inverted<mcal::port::port_pin<(unsigned char)71>>
                           0xdffc       0x18  Data  Gb  mcal_led.o [1]
Virtual function table for mcal::port::port_pin_expander_microchip_mcp23s17<(unsigned char)2>
                           0xe054       0x10  Data  Gb  mcal_port.o [1]
Virtual function table for mcal::spi::spi_software_port_driver<mcal::port::port_pin<(unsigned char)24>, mcal::port::port_pin<(unsigned char)25>, mcal::port::port_pin<(unsigned char)22>, mcal::port::port_pin_dummy, (unsigned int)32, (bool)0>
                           0xdf7c       0x24  Data  Gb  mcal_spi.o [1]
Virtual function table for util::communication_buffer_depth_one_byte
                           0xdf58       0x24  Data  Gb  mcal_spi.o [1]
Virtual function table for util::dynamic_array<unsigned int, util::n_slot_array_allocator<unsigned int, (unsigned int)125004, (unsigned int)16>>
                           0xe064       0x10  Data  Gb  sys_start.o [1]
[local to sys_start_cpp]::math::constants::const_pi_control_head_32
                           0xd6b0       0x20  Data  Lc  sys_start.o [1]
[local to sys_start_cpp]::math::constants::const_pi_control_tail_32_1000001
                           0xd6d0       0x20  Data  Lc  sys_start.o [1]
__aeabi_d2ulz              0xa2c8             Code  Gb  DblToU64.o [4]
__aeabi_idiv0              0xa86c             Code  Gb  IntDivZer.o [5]
__aeabi_ldiv0              0xa2c4             Code  Gb  I64DivZer.o [5]
__aeabi_ldivmod            0x9660             Code  Gb  I64DivMod.o [5]
__aeabi_llsl               0xca74             Code  Gb  I64Shl.o [5]
__aeabi_memclr4            0xd808             Code  Gb  ABImemclr4.o [5]
__aeabi_memset             0xb124             Code  Gb  ABImemset.o [5]
__aeabi_uidiv              0xa148             Code  Gb  I32DivMod.o [5]
__aeabi_uidivmod           0xa148             Code  Gb  I32DivMod.o [5]
__aeabi_uldivmod           0x96b4             Code  Gb  I64DivMod.o [5]
__call_ctors               0xdef8       0x30  Code  Gb  cppinit.o [2]
__cmain                    0xdd70             Code  Gb  cmain.o [5]
__cxa_pure_virtual         0xe09c        0x4  Code  Gb  xpurevirtual.o [2]
__dso_handle            0xfb'9360        0x4  Data  Gb  cppinit.o [2]
__exit                     0xddc8             Code  Gb  XXexit.o [5]
__iar_Memset               0xb124             Code  Gb  ABImemset.o [5]
__iar_Memset4_word         0xd928             Code  Gb  ABImemset48.o [5]
__iar_Memset8_word         0xd928             Code  Gb  ABImemset48.o [5]
__iar_Memset_word          0xb130             Code  Gb  ABImemset.o [5]
__iar_copy_init3           0xdf29       0x30  Code  Gb  copy_init3.o [5]
__iar_cstart_call_ctors
                           0xdec4       0x34  Code  Gb  cmain_call_ctors.o [5]
__iar_data_init3           0xdda1       0x28  Code  Gb  data_init.o [5]
__iar_init_core_v6         0xdd38             Code  Gb  coreinit.o [5]
__iar_init_vfp             0xdd5c             Code  Gb  fpinit.o [4]
__iar_init_vfp_v6          0xdd48             Code  Gb  fpinit.o [4]
__iar_log32                0xc5f0             Code  Gb  logf.o [4]
__iar_log_medium32         0xc5f0             Code  Gb  logf.o [4]
__iar_log_mediumf          0xc5f0             Code  Gb  logf.o [4]
__iar_logf_NoFini          0xc690             Code  Gb  logf.o [4]
__iar_logf_ZerNeg          0xc6a8             Code  Gb  logf.o [4]
__iar_logf_cTab            0xdddc             Data  Gb  logf.o [4]
__iar_program_start        0xdce0             Code  Gb  cstartup.o [5]
__iar_safe_logf            0xc614             Code  Gb  logf.o [4]
__iar_sqrt64               0x97e4             Code  Gb  sqrt.o [4]
__iar_tls$$INIT_ARRAY$$Base
                           0xe0a8              --   Gb  - Linker created -
__iar_tls$$INIT_ARRAY$$Limit
                           0xe0a8              --   Gb  - Linker created -
__iar_zero_init3           0xde21       0x3c  Code  Gb  zero_init3.o [5]
__sti__routine             0xd3fc      0x10c  Code  Lc  sys_start.o [1]
__vector                   0x8000             Data  Gb  cstartup.o [5]
_call_main                 0xdd88             Code  Gb  cmain.o [5]
_main                      0xdd90             Code  Gb  cmain.o [5]
abort                      0xe098        0x4  Code  Gb  mcal_cxx_completion.o [1]
bool std::equal<unsigned int const *, unsigned int const *>(unsigned int const *, unsigned int const *, unsigned int const *)
                           0xd6f0       0x70  Code  Gb  sys_start.o [1]
char * util::baselexical_cast<unsigned int, char *, (unsigned int)10, (bool)1>(unsigned int const &, char *)
                           0xd760       0x88  Code  Gb  sys_start.o [1]
double math::wide_decimal::detail::fft::template_sin_order_1<double>(unsigned int)
                           0xb28c      0x2f0  Code  Gb  sys_start.o [1]
logf                       0xc5f0             Code  Gb  logf.o [4]
main                       0xd604       0x90  Code  Gb  sys_start.o [1]
math::wide_decimal::decwide_t<(int)1000001, unsigned int, util::n_slot_array_allocator<void, (unsigned int)125004, (unsigned int)16>, double> math::wide_decimal::calc_pi<(int)1000001, unsigned int, util::n_slot_array_allocator<void, (unsigned int)125004, (unsigned int)16>, double>(void (*)(unsigned int))
                           0xc078      0x468  Code  Gb  sys_start.o [1]
math::wide_decimal::decwide_t<(int)1000001, unsigned int, util::n_slot_array_allocator<void, (unsigned int)125004, (unsigned int)16>, double>::calculate_inv()
                           0xbb1c      0x55c  Code  Gb  sys_start.o [1]
math::wide_decimal::decwide_t<(int)1000001, unsigned int, util::n_slot_array_allocator<void, (unsigned int)125004, (unsigned int)16>, double>::calculate_sqrt()
                           0x8ef8      0x5d8  Code  Gb  sys_start.o [1]
math::wide_decimal::decwide_t<(int)1000001, unsigned int, util::n_slot_array_allocator<void, (unsigned int)125004, (unsigned int)16>, double>::cmp_data(math::wide_decimal::detail::fixed_dynamic_array<unsigned int, (unsigned int)125004, util::n_slot_array_allocator<unsigned int, (unsigned int)125004, (unsigned int)16>> const &) const
                           0x8c70       0xbc  Code  Gb  sys_start.o [1]
math::wide_decimal::decwide_t<(int)1000001, unsigned int, util::n_slot_array_allocator<void, (unsigned int)125004, (unsigned int)16>, double>::decwide_t()
                           0xc4e0      0x110  Code  Gb  sys_start.o [1]
math::wide_decimal::decwide_t<(int)1000001, unsigned int, util::n_slot_array_allocator<void, (unsigned int)125004, (unsigned int)16>, double>::decwide_t(const math::wide_decimal::decwide_t<(int)1000001, unsigned int, util::n_slot_array_allocator<void, (unsigned int)125004, (unsigned int)16>, double>&)
                           0x9620       0x40  Code  Gb  sys_start.o [1]
math::wide_decimal::decwide_t<(int)1000001, unsigned int, util::n_slot_array_allocator<void, (unsigned int)125004, (unsigned int)16>, double>::decwide_t(double, long long)
                           0x9808      0x434  Code  Gb  sys_start.o [1]
math::wide_decimal::decwide_t<(int)1000001, unsigned int, util::n_slot_array_allocator<void, (unsigned int)125004, (unsigned int)16>, double>::decwide_t(math::wide_decimal::decwide_t<(int)1000001, unsigned int, util::n_slot_array_allocator<void, (unsigned int)125004, (unsigned int)16>, double>::fpclass_type_enum)
                           0x895c      0x114  Code  Gb  sys_start.o [1]
math::wide_decimal::decwide_t<(int)1000001, unsigned int, util::n_slot_array_allocator<void, (unsigned int)125004, (unsigned int)16>, double>::decwide_t<unsigned long long, (void const *)0>(unsigned long long)
                           0xa50c      0x360  Code  Gb  sys_start.o [1]
math::wide_decimal::decwide_t<(int)1000001, unsigned int, util::n_slot_array_allocator<void, (unsigned int)125004, (unsigned int)16>, double>::decwide_t_elem_number
                           0xe094        0x4  Data  Gb  sys_start.o [1]
math::wide_decimal::decwide_t<(int)1000001, unsigned int, util::n_slot_array_allocator<void, (unsigned int)125004, (unsigned int)16>, double>::div_unsigned_long_long(unsigned long long)
                           0xc6c0      0x3b4  Code  Gb  sys_start.o [1]
math::wide_decimal::decwide_t<(int)1000001, unsigned int, util::n_slot_array_allocator<void, (unsigned int)125004, (unsigned int)16>, double>::isone() const
                           0x94d0      0x150  Code  Gb  sys_start.o [1]
math::wide_decimal::decwide_t<(int)1000001, unsigned int, util::n_slot_array_allocator<void, (unsigned int)125004, (unsigned int)16>, double>::mul_loop_fft(unsigned int *, unsigned int const *, int)
                           0xa870      0x4f0  Code  Gb  sys_start.o [1]
math::wide_decimal::decwide_t<(int)1000001, unsigned int, util::n_slot_array_allocator<void, (unsigned int)125004, (unsigned int)16>, double>::mul_unsigned_long_long(unsigned long long)
                           0x9d4c      0x29c  Code  Gb  sys_start.o [1]
math::wide_decimal::decwide_t<(int)1000001, unsigned int, util::n_slot_array_allocator<void, (unsigned int)125004, (unsigned int)16>, double>::my_af_bf_fft_mul_pool
                         0x1'8010  0x80'0000  Data  Gb  sys_start.o [1]
math::wide_decimal::decwide_t<(int)1000001, unsigned int, util::n_slot_array_allocator<void, (unsigned int)125004, (unsigned int)16>, double>::my_n_data_for_add_sub
                        0xfb'933c        0xc  Data  Gb  sys_start.o [1]
math::wide_decimal::decwide_t<(int)1000001, unsigned int, util::n_slot_array_allocator<void, (unsigned int)125004, (unsigned int)16>, double>::negate()
                           0x9fe8       0x40  Code  Gb  sys_start.o [1]
math::wide_decimal::decwide_t<(int)1000001, unsigned int, util::n_slot_array_allocator<void, (unsigned int)125004, (unsigned int)16>, double>::operator *=(const math::wide_decimal::decwide_t<(int)1000001, unsigned int, util::n_slot_array_allocator<void, (unsigned int)125004, (unsigned int)16>, double>&)
                           0x9c3c      0x110  Code  Gb  sys_start.o [1]
math::wide_decimal::decwide_t<(int)1000001, unsigned int, util::n_slot_array_allocator<void, (unsigned int)125004, (unsigned int)16>, double>::operator +=(const math::wide_decimal::decwide_t<(int)1000001, unsigned int, util::n_slot_array_allocator<void, (unsigned int)125004, (unsigned int)16>, double>&)
                           0x803c      0x920  Code  Gb  sys_start.o [1]
math::wide_decimal::decwide_t<(int)1000001, unsigned int, util::n_slot_array_allocator<void, (unsigned int)125004, (unsigned int)16>, double>::operator /=(const math::wide_decimal::decwide_t<(int)1000001, unsigned int, util::n_slot_array_allocator<void, (unsigned int)125004, (unsigned int)16>, double>&)
                           0xca94       0xf8  Code  Gb  sys_start.o [1]
math::wide_decimal::decwide_t<(int)1000001, unsigned int, util::n_slot_array_allocator<void, (unsigned int)125004, (unsigned int)16>, double>::operator =(const math::wide_decimal::decwide_t<(int)1000001, unsigned int, util::n_slot_array_allocator<void, (unsigned int)125004, (unsigned int)16>, double>&)
                           0x8bcc       0xa4  Code  Gb  sys_start.o [1]
math::wide_decimal::decwide_t<(int)1000001, unsigned int, util::n_slot_array_allocator<void, (unsigned int)125004, (unsigned int)16>, double>::operator =(math::wide_decimal::decwide_t<(int)1000001, unsigned int, util::n_slot_array_allocator<void, (unsigned int)125004, (unsigned int)16>, double>&&)
                           0x8a70       0xcc  Code  Gb  sys_start.o [1]
math::wide_decimal::detail::fixed_dynamic_array<unsigned int, (unsigned int)125004, util::n_slot_array_allocator<unsigned int, (unsigned int)125004, (unsigned int)16>>::fixed_dynamic_array(const math::wide_decimal::detail::fixed_dynamic_array<unsigned int, (unsigned int)125004, util::n_slot_array_allocator<unsigned int, (unsigned int)125004, (unsigned int)16>>&)
                           0xa028      0x120  Code  Gb  sys_start.o [1]
math::wide_decimal::detail::fixed_dynamic_array<unsigned int, (unsigned int)125004, util::n_slot_array_allocator<unsigned int, (unsigned int)125004, (unsigned int)16>>::fixed_dynamic_array(std::initializer_list<unsigned int>)
                           0x8d2c      0x134  Code  Gb  sys_start.o [1]
math::wide_decimal::detail::fixed_dynamic_array<unsigned int, (unsigned int)125004, util::n_slot_array_allocator<unsigned int, (unsigned int)125004, (unsigned int)16>>::~fixed_dynamic_array()
                           0xe040       0x14  Code  Gb  sys_start.o [1]
mcal::cpu::detail::init()
                           0xd814       0x8c  Code  Gb  mcal_cpu.o [1]
mcal::cpu::detail::secure::clear_branch_prediction_array()
                           0xd960        0xc  Code  Gb  mcal_cpu.o [1]
mcal::cpu::detail::secure::enable_branch_prediction()
                           0xd9a0       0x14  Code  Gb  mcal_cpu.o [1]
mcal::cpu::detail::secure::enable_caches()
                           0xd9b4       0x18  Code  Gb  mcal_cpu.o [1]
mcal::cpu::init()          0xd810        0x4  Code  Gb  mcal_cpu.o [1]
mcal::cpu::nop()           0xdadc        0x8  Code  Gb  mcal_spi.o [1]
mcal::gpt::init(void const *)
                           0xcfdc       0x54  Code  Gb  mcal_gpt.o [1]
mcal::gpt::secure::get_time_elapsed()
                           0xd030       0x5c  Code  Gb  mcal_gpt.o [1]
mcal::lcd::lcd0()          0xd7e8       0x20  Code  Gb  mcal_lcd.o [1]
mcal::lcd::lcd0()::lc0   0x1'8004        0x4  Data  Lc  mcal_lcd.o [1]
mcal::lcd::lcd0()::static guard for lc0
                         0x1'8000        0x1  Data  Lc  mcal_lcd.o [1]
mcal::lcd::lcd_st7066u_newhaven_0216k1z<mcal::port::port_pin_expander<(unsigned char)5>, mcal::port::port_pin_expander<(unsigned char)6>, mcal::port::port_pin_expander<(unsigned char)7>, mcal::port::port_pin_expander<(unsigned char)8>, mcal::port::port_pin_expander<(unsigned char)9>, mcal::port::port_pin_expander<(unsigned char)10>, mcal::port::port_pin_expander<(unsigned char)11>, mcal::port::port_pin_expander<(unsigned char)12>, mcal::port::port_pin_expander<(unsigned char)13>, mcal::port::port_pin_expander<(unsigned char)14>, mcal::port::port_pin_expander<(unsigned char)15>>::P1_set(unsigned char)
                           0xd0f0       0xc8  Code  Gb  mcal_lcd.o [1]
mcal::lcd::lcd_st7066u_newhaven_0216k1z<mcal::port::port_pin_expander<(unsigned char)5>, mcal::port::port_pin_expander<(unsigned char)6>, mcal::port::port_pin_expander<(unsigned char)7>, mcal::port::port_pin_expander<(unsigned char)8>, mcal::port::port_pin_expander<(unsigned char)9>, mcal::port::port_pin_expander<(unsigned char)10>, mcal::port::port_pin_expander<(unsigned char)11>, mcal::port::port_pin_expander<(unsigned char)12>, mcal::port::port_pin_expander<(unsigned char)13>, mcal::port::port_pin_expander<(unsigned char)14>, mcal::port::port_pin_expander<(unsigned char)15>>::clear_line(unsigned char)
                           0xdb9c       0x78  Code  Gb  mcal_lcd.o [1]
mcal::lcd::lcd_st7066u_newhaven_0216k1z<mcal::port::port_pin_expander<(unsigned char)5>, mcal::port::port_pin_expander<(unsigned char)6>, mcal::port::port_pin_expander<(unsigned char)7>, mcal::port::port_pin_expander<(unsigned char)8>, mcal::port::port_pin_expander<(unsigned char)9>, mcal::port::port_pin_expander<(unsigned char)10>, mcal::port::port_pin_expander<(unsigned char)11>, mcal::port::port_pin_expander<(unsigned char)12>, mcal::port::port_pin_expander<(unsigned char)13>, mcal::port::port_pin_expander<(unsigned char)14>, mcal::port::port_pin_expander<(unsigned char)15>>::command(unsigned char)
                           0xd094       0x5c  Code  Gb  mcal_lcd.o [1]
mcal::lcd::lcd_st7066u_newhaven_0216k1z<mcal::port::port_pin_expander<(unsigned char)5>, mcal::port::port_pin_expander<(unsigned char)6>, mcal::port::port_pin_expander<(unsigned char)7>, mcal::port::port_pin_expander<(unsigned char)8>, mcal::port::port_pin_expander<(unsigned char)9>, mcal::port::port_pin_expander<(unsigned char)10>, mcal::port::port_pin_expander<(unsigned char)11>, mcal::port::port_pin_expander<(unsigned char)12>, mcal::port::port_pin_expander<(unsigned char)13>, mcal::port::port_pin_expander<(unsigned char)14>, mcal::port::port_pin_expander<(unsigned char)15>>::init()
                           0xcb8c      0x32c  Code  Gb  mcal_lcd.o [1]
mcal::lcd::lcd_st7066u_newhaven_0216k1z<mcal::port::port_pin_expander<(unsigned char)5>, mcal::port::port_pin_expander<(unsigned char)6>, mcal::port::port_pin_expander<(unsigned char)7>, mcal::port::port_pin_expander<(unsigned char)8>, mcal::port::port_pin_expander<(unsigned char)9>, mcal::port::port_pin_expander<(unsigned char)10>, mcal::port::port_pin_expander<(unsigned char)11>, mcal::port::port_pin_expander<(unsigned char)12>, mcal::port::port_pin_expander<(unsigned char)13>, mcal::port::port_pin_expander<(unsigned char)14>, mcal::port::port_pin_expander<(unsigned char)15>>::set_line_index(unsigned char)
                           0xdc14       0x44  Code  Gb  mcal_lcd.o [1]
mcal::lcd::lcd_st7066u_newhaven_0216k1z<mcal::port::port_pin_expander<(unsigned char)5>, mcal::port::port_pin_expander<(unsigned char)6>, mcal::port::port_pin_expander<(unsigned char)7>, mcal::port::port_pin_expander<(unsigned char)8>, mcal::port::port_pin_expander<(unsigned char)9>, mcal::port::port_pin_expander<(unsigned char)10>, mcal::port::port_pin_expander<(unsigned char)11>, mcal::port::port_pin_expander<(unsigned char)12>, mcal::port::port_pin_expander<(unsigned char)13>, mcal::port::port_pin_expander<(unsigned char)14>, mcal::port::port_pin_expander<(unsigned char)15>>::write(char const *, unsigned int, unsigned int)
                           0xdae4       0xb8  Code  Gb  mcal_lcd.o [1]
mcal::led::led0()          0xd8a0       0x88  Code  Gb  mcal_led.o [1]
mcal::led::led0()::l0   0xfb'9348        0x8  Data  Lc  mcal_led.o [1]
mcal::led::led0()::static guard for l0
                        0xfb'9350        0x1  Data  Lc  mcal_led.o [1]
mcal::led::led_boolean_state_base::toggle()
                           0xe014       0x18  Code  Gb  mcal_led.o [1]
mcal::led::led_port_inverted<mcal::port::port_pin<(unsigned char)71>>::toggle()
                           0xdc58       0x88  Code  Gb  mcal_led.o [1]
mcal::port::port_pin<(unsigned char)22>::my_pin_is_high
                        0xfb'932f        0x1  Data  Gb  mcal_spi.o [1]
mcal::port::port_pin<(unsigned char)24>::my_pin_is_high
                        0xfb'9364        0x1  Data  Gb  mcal_spi.o [1]
mcal::port::port_pin<(unsigned char)25>::my_pin_is_high
                        0xfb'9365        0x1  Data  Gb  mcal_spi.o [1]
mcal::port::port_pin<(unsigned char)71>::my_pin_is_high
                        0xfb'932e        0x1  Data  Gb  mcal_led.o [1]
mcal::port::port_pin_expander_microchip_mcp23s17<(unsigned char)2>::port_pin_expander_microchip_mcp23s17(util::communication_base &)
                           0xd1e8       0x90  Code  Gb  mcal_port.o [1]
mcal::port::port_regs_expander_microchip_mcp23s17<(unsigned char)2>::write_word(unsigned char, unsigned short)
                           0xd278       0x84  Code  Gb  mcal_port.o [1]
mcal::spi::spi1()          0xd1b8       0x2c  Code  Gb  mcal_spi.o [1]
mcal::spi::spi1()::com1
                        0xfb'9334        0x8  Data  Lc  mcal_spi.o [1]
mcal::spi::spi1()::static guard for com1
                        0xfb'9330        0x1  Data  Lc  mcal_spi.o [1]
mcal::spi::spi_software_port_driver<mcal::port::port_pin<(unsigned char)24>, mcal::port::port_pin<(unsigned char)25>, mcal::port::port_pin<(unsigned char)22>, mcal::port::port_pin_dummy, (unsigned int)32, (bool)0>::deselect()
                           0xde90       0x34  Code  Gb  mcal_spi.o [1]
mcal::spi::spi_software_port_driver<mcal::port::port_pin<(unsigned char)24>, mcal::port::port_pin<(unsigned char)25>, mcal::port::port_pin<(unsigned char)22>, mcal::port::port_pin_dummy, (unsigned int)32, (bool)0>::select()
                           0xde5c       0x34  Code  Gb  mcal_spi.o [1]
mcal::spi::spi_software_port_driver<mcal::port::port_pin<(unsigned char)24>, mcal::port::port_pin<(unsigned char)25>, mcal::port::port_pin<(unsigned char)22>, mcal::port::port_pin_dummy, (unsigned int)32, (bool)0>::send(unsigned char)
                           0xd9cc       0xe0  Code  Gb  mcal_spi.o [1]
mcal::spi::spi_software_port_driver<mcal::port::port_pin<(unsigned char)24>, mcal::port::port_pin<(unsigned char)25>, mcal::port::port_pin<(unsigned char)22>, mcal::port::port_pin_dummy, (unsigned int)32, (bool)0>::spi_software_port_driver()
                           0xd2fc       0xe0  Code  Gb  mcal_spi.o [1]
mcal_cpu_detail_secure_start_mmu
                           0xd96c       0x34  Code  Gb  mcal_cpu_detail_secure.o [1]
mcal_port_pin_expander_set_direction_output(unsigned char)
                           0xceb8       0x5c  Code  Gb  mcal_port.o [1]
mcal_port_pin_expander_set_pin_high(unsigned char)
                           0xcf14       0x60  Code  Gb  mcal_port.o [1]
mcal_port_pin_expander_set_pin_low(unsigned char)
                           0xcf74       0x5c  Code  Gb  mcal_port.o [1]
mcal_reg_access32_read     0xd3ec             Code  Gb  mcal_reg.o [1]
mcal_reg_access32_write
                           0xd3dc             Code  Gb  mcal_reg.o [1]
memset                     0xad60       0x24  Code  Gb  memset.o [5]
sqrt                       0x97e4             Code  Gb  sqrt.o [4]
sqrtl                      0x97e4             Code  Gb  sqrt.o [4]
std::enable_if<((unsigned int)8==(unsigned int)8), void>::type mcal::helper::nop_maker<(unsigned int)8>()
                           0xdaac       0x30  Code  Gb  mcal_spi.o [1]
sys_start_callback_for_pi_digits10(unsigned int)
                           0xd578       0x8c  Code  Gb  sys_start.o [1]
util::dynamic_array<unsigned int, util::n_slot_array_allocator<unsigned int, (unsigned int)125004, (unsigned int)16>>::~dynamic_array()
                           0x8b3c       0x90  Code  Gb  sys_start.o [1]
util::n_slot_array_allocator<unsigned int, (unsigned int)125004, (unsigned int)16>::allocate(unsigned int, void const *)
                           0x8e60       0x98  Code  Gb  sys_start.o [1]
util::n_slot_array_allocator<unsigned int, (unsigned int)125004, (unsigned int)16>::slot_array_memory
                        0x81'8010  0x7a'1300  Data  Gb  sys_start.o [1]
util::n_slot_array_allocator<unsigned int, (unsigned int)125004, (unsigned int)16>::slot_flags
                        0xfb'9310       0x10  Data  Gb  sys_start.o [1]
util::n_slot_array_allocator<unsigned int, (unsigned int)125004, (unsigned int)16>::slot_max_index
                        0xfb'9354        0x4  Data  Gb  sys_start.o [1]
void math::wide_decimal::decwide_t<(int)1000001, unsigned int, util::n_slot_array_allocator<void, (unsigned int)125004, (unsigned int)16>, double>::eval_mul_dispatch_multiplication_method<(int)125004>(const math::wide_decimal::decwide_t<(int)1000001, unsigned int, util::n_slot_array_allocator<void, (unsigned int)125004, (unsigned int)16>, double>&, int, int, std::enable_if<((int)125004>(int)128), void>::type const *)
                           0xa334      0x1d8  Code  Gb  sys_start.o [1]
void math::wide_decimal::detail::fft::danielson_lanczos_apply<double, (bool)0>(unsigned int, double *)
                           0xb7b4      0x14c  Code  Gb  sys_start.o [1]
void math::wide_decimal::detail::fft::danielson_lanczos_apply<double, (bool)1>(unsigned int, double *)
                           0xb66c      0x148  Code  Gb  sys_start.o [1]
void math::wide_decimal::detail::fft::danielson_lanczos_apply_4_basecase<double, (bool)0>(double *)
                           0xba04      0x118  Code  Gb  sys_start.o [1]
void math::wide_decimal::detail::fft::danielson_lanczos_apply_4_basecase<double, (bool)1>(double *)
                           0xb900      0x104  Code  Gb  sys_start.o [1]
void math::wide_decimal::detail::fft::fft_lanczos_fft<double, (bool)0>(unsigned int, double *)
                           0xb57c       0xf0  Code  Gb  sys_start.o [1]
void math::wide_decimal::detail::fft::fft_lanczos_fft<double, (bool)1>(unsigned int, double *)
                           0xb19c       0xf0  Code  Gb  sys_start.o [1]
void math::wide_decimal::detail::fft::rfft_lanczos_rfft<double, (bool)0>(unsigned int, double *, bool, std::enable_if<((bool)0==(bool)0), void>::type const *)
                           0xaf64      0x1c0  Code  Gb  sys_start.o [1]
void math::wide_decimal::detail::fft::rfft_lanczos_rfft<double, (bool)1>(unsigned int, double *, bool, std::enable_if<((bool)1==(bool)1), void>::type const *)
                           0xadb4      0x1b0  Code  Gb  sys_start.o [1]
void std::reverse<unsigned int *>(unsigned int *, unsigned int *)
                           0xad84       0x30  Code  Gb  sys_start.o [1]


[1] = C:\Users\User\Documents\Ks\uC_Software\Boards\pi-crunch-metal\Release\Obj
[2] = dl5E_aln.a
[3] = dlpp5E_al_nc.a
[4] = m5E_alv.a
[5] = rt5E_al.a

      24'396 bytes of readonly  code memory
         348 bytes of readonly  data memory
  16'438'116 bytes of readwrite data memory

Errors: none
Warnings: none
